Executing seeding of data.....
Executing seeding of data.....
Executing seeding of data.....
Executing seeding of data.....
Connectiosn are doing fine for neo4j+s://ce4f8680.databases.neo4j.io
Executing seeding of data.....
Connectiosn are doing fine for neo4j+s://ce4f8680.databases.neo4j.io
Executing seeding of data.....
Connectiosn are doing fine for neo4j+s://ce4f8680.databases.neo4j.io
Executing seeding of data.....
Connectiosn are doing fine for neo4j+s://ce4f8680.databases.neo4j.io
Executing seeding of data.....
Connectiosn are doing fine for neo4j+s://ce4f8680.databases.neo4j.io
Executing seeding of data.....
Connectiosn are doing fine for neo4j+s://ce4f8680.databases.neo4j.io
Executing seeding of data.....
Connectiosn are doing fine for neo4j+s://ce4f8680.databases.neo4j.io
Executing seeding of data.....
Connectiosn are doing fine for neo4j+s://ce4f8680.databases.neo4j.io
Executing seeding of data.....
Connectiosn are doing fine for neo4j+s://ce4f8680.databases.neo4j.io
Pronting of data.....

--- MAPPED CLINICAL METADATA PATHWAY ---
Study:        [NN-DIABETES-001]
  └── Visit:  Screening
       └── Collects: Systolic Blood Pressure
            └── Standard Term: Systolic blood pressure (observable entity) (SNOMED-CT)
Study:        [NN-DIABETES-002]
  └── Visit:  Screening
       └── Collects: Systolic Blood Pressure
            └── Standard Term: Systolic blood pressure (observable entity) (SNOMED-CT)
Study:        [NN-OBESITY-001]
  └── Visit:  Screening
       └── Collects: Systolic Blood Pressure
            └── Standard Term: Systolic blood pressure (observable entity) (SNOMED-CT)
Study:        [NN-OBESITY-002]
  └── Visit:  Screening
       └── Collects: Systolic Blood Pressure
            └── Standard Term: Systolic blood pressure (observable entity) (SNOMED-CT)
Study:        [NN-CV-001]
  └── Visit:  Screening
       └── Collects: Systolic Blood Pressure
            └── Standard Term: Systolic blood pressure (observable entity) (SNOMED-CT)
Study:        [NN-CV-002]
  └── Visit:  Screening
       └── Collects: Systolic Blood Pressure
            └── Standard Term: Systolic blood pressure (observable entity) (SNOMED-CT)
Study:        [NN-RENAL-001]
  └── Visit:  Screening
       └── Collects: Systolic Blood Pressure
            └── Standard Term: Systolic blood pressure (observable entity) (SNOMED-CT)
Study:        [NN-DIABETES-003]
  └── Visit:  Screening
       └── Collects: Systolic Blood Pressure
            └── Standard Term: Systolic blood pressure (observable entity) (SNOMED-CT)
Study:        [NN-OBESITY-003]
  └── Visit:  Screening
       └── Collects: Systolic Blood Pressure
            └── Standard Term: Systolic blood pressure (observable entity) (SNOMED-CT)
Study:        [NN-CARDIO-003]
  └── Visit:  Screening
       └── Collects: Systolic Blood Pressure
            └── Standard Term: Systolic blood pressure (observable entity) (SNOMED-CT)
Study:        [NN-DIABETES-001]
  └── Visit:  Baseline
       └── Collects: Systolic Blood Pressure
            └── Standard Term: Systolic blood pressure (observable entity) (SNOMED-CT)
Study:        [NN-DIABETES-002]
  └── Visit:  Baseline
       └── Collects: Systolic Blood Pressure
            └── Standard Term: Systolic blood pressure (observable entity) (SNOMED-CT)
Study:        [NN-OBESITY-001]
  └── Visit:  Baseline
       └── Collects: Systolic Blood Pressure
            └── Standard Term: Systolic blood pressure (observable entity) (SNOMED-CT)
Study:        [NN-OBESITY-002]
  └── Visit:  Baseline
       └── Collects: Systolic Blood Pressure
            └── Standard Term: Systolic blood pressure (observable entity) (SNOMED-CT)
Study:        [NN-CV-001]
  └── Visit:  Baseline
       └── Collects: Systolic Blood Pressure
            └── Standard Term: Systolic blood pressure (observable entity) (SNOMED-CT)
Study:        [NN-CV-002]
  └── Visit:  Baseline
       └── Collects: Systolic Blood Pressure
            └── Standard Term: Systolic blood pressure (observable entity) (SNOMED-CT)
Study:        [NN-RENAL-001]
  └── Visit:  Baseline
       └── Collects: Systolic Blood Pressure
            └── Standard Term: Systolic blood pressure (observable entity) (SNOMED-CT)
Study:        [NN-DIABETES-003]
  └── Visit:  Baseline
       └── Collects: Systolic Blood Pressure
            └── Standard Term: Systolic blood pressure (observable entity) (SNOMED-CT)
Study:        [NN-OBESITY-003]
  └── Visit:  Baseline
       └── Collects: Systolic Blood Pressure
            └── Standard Term: Systolic blood pressure (observable entity) (SNOMED-CT)
Study:        [NN-CARDIO-003]
  └── Visit:  Baseline
       └── Collects: Systolic Blood Pressure
            └── Standard Term: Systolic blood pressure (observable entity) (SNOMED-CT)
Study:        [NN-DIABETES-001]
  └── Visit:  Week 4 Follow-up
       └── Collects: Systolic Blood Pressure
            └── Standard Term: Systolic blood pressure (observable entity) (SNOMED-CT)
Study:        [NN-DIABETES-002]
  └── Visit:  Week 4 Follow-up
       └── Collects: Systolic Blood Pressure
            └── Standard Term: Systolic blood pressure (observable entity) (SNOMED-CT)
Study:        [NN-OBESITY-001]
  └── Visit:  Week 4 Follow-up
       └── Collects: Systolic Blood Pressure
            └── Standard Term: Systolic blood pressure (observable entity) (SNOMED-CT)
Study:        [NN-OBESITY-002]
  └── Visit:  Week 4 Follow-up
       └── Collects: Systolic Blood Pressure
            └── Standard Term: Systolic blood pressure (observable entity) (SNOMED-CT)
Study:        [NN-CV-001]
  └── Visit:  Week 4 Follow-up
       └── Collects: Systolic Blood Pressure
            └── Standard Term: Systolic blood pressure (observable entity) (SNOMED-CT)
Study:        [NN-CV-002]
  └── Visit:  Week 4 Follow-up
       └── Collects: Systolic Blood Pressure
            └── Standard Term: Systolic blood pressure (observable entity) (SNOMED-CT)
Study:        [NN-RENAL-001]
  └── Visit:  Week 4 Follow-up
       └── Collects: Systolic Blood Pressure
            └── Standard Term: Systolic blood pressure (observable entity) (SNOMED-CT)
Study:        [NN-DIABETES-003]
  └── Visit:  Week 4 Follow-up
       └── Collects: Systolic Blood Pressure
            └── Standard Term: Systolic blood pressure (observable entity) (SNOMED-CT)
Study:        [NN-OBESITY-003]
  └── Visit:  Week 4 Follow-up
       └── Collects: Systolic Blood Pressure
            └── Standard Term: Systolic blood pressure (observable entity) (SNOMED-CT)
Study:        [NN-CARDIO-003]
  └── Visit:  Week 4 Follow-up
       └── Collects: Systolic Blood Pressure
            └── Standard Term: Systolic blood pressure (observable entity) (SNOMED-CT)
Study:        [NN-DIABETES-001]
  └── Visit:  Week 12 Follow-up
       └── Collects: Systolic Blood Pressure
            └── Standard Term: Systolic blood pressure (observable entity) (SNOMED-CT)
Study:        [NN-DIABETES-002]
  └── Visit:  Week 12 Follow-up
       └── Collects: Systolic Blood Pressure
            └── Standard Term: Systolic blood pressure (observable entity) (SNOMED-CT)
Study:        [NN-OBESITY-001]
  └── Visit:  Week 12 Follow-up
       └── Collects: Systolic Blood Pressure
            └── Standard Term: Systolic blood pressure (observable entity) (SNOMED-CT)
Study:        [NN-OBESITY-002]
  └── Visit:  Week 12 Follow-up
       └── Collects: Systolic Blood Pressure
            └── Standard Term: Systolic blood pressure (observable entity) (SNOMED-CT)
Study:        [NN-CV-001]
  └── Visit:  Week 12 Follow-up
       └── Collects: Systolic Blood Pressure
            └── Standard Term: Systolic blood pressure (observable entity) (SNOMED-CT)
Study:        [NN-CV-002]
  └── Visit:  Week 12 Follow-up
       └── Collects: Systolic Blood Pressure
            └── Standard Term: Systolic blood pressure (observable entity) (SNOMED-CT)
Study:        [NN-RENAL-001]
  └── Visit:  Week 12 Follow-up
       └── Collects: Systolic Blood Pressure
            └── Standard Term: Systolic blood pressure (observable entity) (SNOMED-CT)
Study:        [NN-DIABETES-003]
  └── Visit:  Week 12 Follow-up
       └── Collects: Systolic Blood Pressure
            └── Standard Term: Systolic blood pressure (observable entity) (SNOMED-CT)
Study:        [NN-OBESITY-003]
  └── Visit:  Week 12 Follow-up
       └── Collects: Systolic Blood Pressure
            └── Standard Term: Systolic blood pressure (observable entity) (SNOMED-CT)
Study:        [NN-CARDIO-003]
  └── Visit:  Week 12 Follow-up
       └── Collects: Systolic Blood Pressure
            └── Standard Term: Systolic blood pressure (observable entity) (SNOMED-CT)
Study:        [NN-DIABETES-001]
  └── Visit:  Week 24 Follow-up
       └── Collects: Systolic Blood Pressure
            └── Standard Term: Systolic blood pressure (observable entity) (SNOMED-CT)
Study:        [NN-DIABETES-002]
  └── Visit:  Week 24 Follow-up
       └── Collects: Systolic Blood Pressure
            └── Standard Term: Systolic blood pressure (observable entity) (SNOMED-CT)
Study:        [NN-OBESITY-001]
  └── Visit:  Week 24 Follow-up
       └── Collects: Systolic Blood Pressure
            └── Standard Term: Systolic blood pressure (observable entity) (SNOMED-CT)
Study:        [NN-OBESITY-002]
  └── Visit:  Week 24 Follow-up
       └── Collects: Systolic Blood Pressure
            └── Standard Term: Systolic blood pressure (observable entity) (SNOMED-CT)
Study:        [NN-CV-001]
  └── Visit:  Week 24 Follow-up
       └── Collects: Systolic Blood Pressure
            └── Standard Term: Systolic blood pressure (observable entity) (SNOMED-CT)
Study:        [NN-CV-002]
  └── Visit:  Week 24 Follow-up
       └── Collects: Systolic Blood Pressure
            └── Standard Term: Systolic blood pressure (observable entity) (SNOMED-CT)
Study:        [NN-RENAL-001]
  └── Visit:  Week 24 Follow-up
       └── Collects: Systolic Blood Pressure
            └── Standard Term: Systolic blood pressure (observable entity) (SNOMED-CT)
Study:        [NN-DIABETES-003]
  └── Visit:  Week 24 Follow-up
       └── Collects: Systolic Blood Pressure
            └── Standard Term: Systolic blood pressure (observable entity) (SNOMED-CT)
Study:        [NN-OBESITY-003]
  └── Visit:  Week 24 Follow-up
       └── Collects: Systolic Blood Pressure
            └── Standard Term: Systolic blood pressure (observable entity) (SNOMED-CT)
Study:        [NN-CARDIO-003]
  └── Visit:  Week 24 Follow-up
       └── Collects: Systolic Blood Pressure
            └── Standard Term: Systolic blood pressure (observable entity) (SNOMED-CT)
Study:        [NN-DIABETES-001]
  └── Visit:  Screening
       └── Collects: Body Weight
            └── Standard Term: Body weight (observable entity) (SNOMED-CT)
Study:        [NN-DIABETES-002]
  └── Visit:  Screening
       └── Collects: Body Weight
            └── Standard Term: Body weight (observable entity) (SNOMED-CT)
Study:        [NN-OBESITY-001]
  └── Visit:  Screening
       └── Collects: Body Weight
            └── Standard Term: Body weight (observable entity) (SNOMED-CT)
Study:        [NN-OBESITY-002]
  └── Visit:  Screening
       └── Collects: Body Weight
            └── Standard Term: Body weight (observable entity) (SNOMED-CT)
Study:        [NN-CV-001]
  └── Visit:  Screening
       └── Collects: Body Weight
            └── Standard Term: Body weight (observable entity) (SNOMED-CT)
Study:        [NN-CV-002]
  └── Visit:  Screening
       └── Collects: Body Weight
            └── Standard Term: Body weight (observable entity) (SNOMED-CT)
Study:        [NN-RENAL-001]
  └── Visit:  Screening
       └── Collects: Body Weight
            └── Standard Term: Body weight (observable entity) (SNOMED-CT)
Study:        [NN-DIABETES-003]
  └── Visit:  Screening
       └── Collects: Body Weight
            └── Standard Term: Body weight (observable entity) (SNOMED-CT)
Study:        [NN-OBESITY-003]
  └── Visit:  Screening
       └── Collects: Body Weight
            └── Standard Term: Body weight (observable entity) (SNOMED-CT)
Study:        [NN-CARDIO-003]
  └── Visit:  Screening
       └── Collects: Body Weight
            └── Standard Term: Body weight (observable entity) (SNOMED-CT)
Study:        [NN-DIABETES-001]
  └── Visit:  Baseline
       └── Collects: Body Weight
            └── Standard Term: Body weight (observable entity) (SNOMED-CT)
Study:        [NN-DIABETES-002]
  └── Visit:  Baseline
       └── Collects: Body Weight
            └── Standard Term: Body weight (observable entity) (SNOMED-CT)
Study:        [NN-OBESITY-001]
  └── Visit:  Baseline
       └── Collects: Body Weight
            └── Standard Term: Body weight (observable entity) (SNOMED-CT)
Study:        [NN-OBESITY-002]
  └── Visit:  Baseline
       └── Collects: Body Weight
            └── Standard Term: Body weight (observable entity) (SNOMED-CT)
Study:        [NN-CV-001]
  └── Visit:  Baseline
       └── Collects: Body Weight
            └── Standard Term: Body weight (observable entity) (SNOMED-CT)
Study:        [NN-CV-002]
  └── Visit:  Baseline
       └── Collects: Body Weight
            └── Standard Term: Body weight (observable entity) (SNOMED-CT)
Study:        [NN-RENAL-001]
  └── Visit:  Baseline
       └── Collects: Body Weight
            └── Standard Term: Body weight (observable entity) (SNOMED-CT)
Study:        [NN-DIABETES-003]
  └── Visit:  Baseline
       └── Collects: Body Weight
            └── Standard Term: Body weight (observable entity) (SNOMED-CT)
Study:        [NN-OBESITY-003]
  └── Visit:  Baseline
       └── Collects: Body Weight
            └── Standard Term: Body weight (observable entity) (SNOMED-CT)
Study:        [NN-CARDIO-003]
  └── Visit:  Baseline
       └── Collects: Body Weight
            └── Standard Term: Body weight (observable entity) (SNOMED-CT)
Study:        [NN-DIABETES-001]
  └── Visit:  Week 4 Follow-up
       └── Collects: Body Weight
            └── Standard Term: Body weight (observable entity) (SNOMED-CT)
Study:        [NN-DIABETES-002]
  └── Visit:  Week 4 Follow-up
       └── Collects: Body Weight
            └── Standard Term: Body weight (observable entity) (SNOMED-CT)
Study:        [NN-OBESITY-001]
  └── Visit:  Week 4 Follow-up
       └── Collects: Body Weight
            └── Standard Term: Body weight (observable entity) (SNOMED-CT)
Study:        [NN-OBESITY-002]
  └── Visit:  Week 4 Follow-up
       └── Collects: Body Weight
            └── Standard Term: Body weight (observable entity) (SNOMED-CT)
Study:        [NN-CV-001]
  └── Visit:  Week 4 Follow-up
       └── Collects: Body Weight
            └── Standard Term: Body weight (observable entity) (SNOMED-CT)
Study:        [NN-CV-002]
  └── Visit:  Week 4 Follow-up
       └── Collects: Body Weight
            └── Standard Term: Body weight (observable entity) (SNOMED-CT)
Study:        [NN-RENAL-001]
  └── Visit:  Week 4 Follow-up
       └── Collects: Body Weight
            └── Standard Term: Body weight (observable entity) (SNOMED-CT)
Study:        [NN-DIABETES-003]
  └── Visit:  Week 4 Follow-up
       └── Collects: Body Weight
            └── Standard Term: Body weight (observable entity) (SNOMED-CT)
Study:        [NN-OBESITY-003]
  └── Visit:  Week 4 Follow-up
       └── Collects: Body Weight
            └── Standard Term: Body weight (observable entity) (SNOMED-CT)
Study:        [NN-CARDIO-003]
  └── Visit:  Week 4 Follow-up
       └── Collects: Body Weight
            └── Standard Term: Body weight (observable entity) (SNOMED-CT)
Study:        [NN-DIABETES-001]
  └── Visit:  Week 12 Follow-up
       └── Collects: Body Weight
            └── Standard Term: Body weight (observable entity) (SNOMED-CT)
Study:        [NN-DIABETES-002]
  └── Visit:  Week 12 Follow-up
       └── Collects: Body Weight
            └── Standard Term: Body weight (observable entity) (SNOMED-CT)
Study:        [NN-OBESITY-001]
  └── Visit:  Week 12 Follow-up
       └── Collects: Body Weight
            └── Standard Term: Body weight (observable entity) (SNOMED-CT)
Study:        [NN-OBESITY-002]
  └── Visit:  Week 12 Follow-up
       └── Collects: Body Weight
            └── Standard Term: Body weight (observable entity) (SNOMED-CT)
Study:        [NN-CV-001]
  └── Visit:  Week 12 Follow-up
       └── Collects: Body Weight
            └── Standard Term: Body weight (observable entity) (SNOMED-CT)
Study:        [NN-CV-002]
  └── Visit:  Week 12 Follow-up
       └── Collects: Body Weight
            └── Standard Term: Body weight (observable entity) (SNOMED-CT)
Study:        [NN-RENAL-001]
  └── Visit:  Week 12 Follow-up
       └── Collects: Body Weight
            └── Standard Term: Body weight (observable entity) (SNOMED-CT)
Study:        [NN-DIABETES-003]
  └── Visit:  Week 12 Follow-up
       └── Collects: Body Weight
            └── Standard Term: Body weight (observable entity) (SNOMED-CT)
Study:        [NN-OBESITY-003]
  └── Visit:  Week 12 Follow-up
       └── Collects: Body Weight
            └── Standard Term: Body weight (observable entity) (SNOMED-CT)
Study:        [NN-CARDIO-003]
  └── Visit:  Week 12 Follow-up
       └── Collects: Body Weight
            └── Standard Term: Body weight (observable entity) (SNOMED-CT)
Study:        [NN-DIABETES-001]
  └── Visit:  Week 24 Follow-up
       └── Collects: Body Weight
            └── Standard Term: Body weight (observable entity) (SNOMED-CT)
Study:        [NN-DIABETES-002]
  └── Visit:  Week 24 Follow-up
       └── Collects: Body Weight
            └── Standard Term: Body weight (observable entity) (SNOMED-CT)
Study:        [NN-OBESITY-001]
  └── Visit:  Week 24 Follow-up
       └── Collects: Body Weight
            └── Standard Term: Body weight (observable entity) (SNOMED-CT)
Study:        [NN-OBESITY-002]
  └── Visit:  Week 24 Follow-up
       └── Collects: Body Weight
            └── Standard Term: Body weight (observable entity) (SNOMED-CT)
Study:        [NN-CV-001]
  └── Visit:  Week 24 Follow-up
       └── Collects: Body Weight
            └── Standard Term: Body weight (observable entity) (SNOMED-CT)
Study:        [NN-CV-002]
  └── Visit:  Week 24 Follow-up
       └── Collects: Body Weight
            └── Standard Term: Body weight (observable entity) (SNOMED-CT)
Study:        [NN-RENAL-001]
  └── Visit:  Week 24 Follow-up
       └── Collects: Body Weight
            └── Standard Term: Body weight (observable entity) (SNOMED-CT)
Study:        [NN-DIABETES-003]
  └── Visit:  Week 24 Follow-up
       └── Collects: Body Weight
            └── Standard Term: Body weight (observable entity) (SNOMED-CT)
Study:        [NN-OBESITY-003]
  └── Visit:  Week 24 Follow-up
       └── Collects: Body Weight
            └── Standard Term: Body weight (observable entity) (SNOMED-CT)
Study:        [NN-CARDIO-003]
  └── Visit:  Week 24 Follow-up
       └── Collects: Body Weight
            └── Standard Term: Body weight (observable entity) (SNOMED-CT)
Executing seeding of data.....
Connectiosn are doing fine for neo4j+s://ce4f8680.databases.neo4j.io
Pronting of data.....

--- MAPPED CLINICAL METADATA PATHWAY ---
Study:        [NN-DIABETES-001]
  └── Visit:  Screening
       └── Collects: Systolic Blood Pressure
            └── Standard Term: Systolic blood pressure (observable entity) (SNOMED-CT)
Study:        [NN-DIABETES-002]
  └── Visit:  Screening
       └── Collects: Systolic Blood Pressure
            └── Standard Term: Systolic blood pressure (observable entity) (SNOMED-CT)
Study:        [NN-OBESITY-001]
  └── Visit:  Screening
       └── Collects: Systolic Blood Pressure
            └── Standard Term: Systolic blood pressure (observable entity) (SNOMED-CT)
Study:        [NN-OBESITY-002]
  └── Visit:  Screening
       └── Collects: Systolic Blood Pressure
            └── Standard Term: Systolic blood pressure (observable entity) (SNOMED-CT)
Study:        [NN-CV-001]
  └── Visit:  Screening
       └── Collects: Systolic Blood Pressure
            └── Standard Term: Systolic blood pressure (observable entity) (SNOMED-CT)
Study:        [NN-CV-002]
  └── Visit:  Screening
       └── Collects: Systolic Blood Pressure
            └── Standard Term: Systolic blood pressure (observable entity) (SNOMED-CT)
Study:        [NN-RENAL-001]
  └── Visit:  Screening
       └── Collects: Systolic Blood Pressure
            └── Standard Term: Systolic blood pressure (observable entity) (SNOMED-CT)
Study:        [NN-DIABETES-003]
  └── Visit:  Screening
       └── Collects: Systolic Blood Pressure
            └── Standard Term: Systolic blood pressure (observable entity) (SNOMED-CT)
Study:        [NN-OBESITY-003]
  └── Visit:  Screening
       └── Collects: Systolic Blood Pressure
            └── Standard Term: Systolic blood pressure (observable entity) (SNOMED-CT)
Study:        [NN-CARDIO-003]
  └── Visit:  Screening
       └── Collects: Systolic Blood Pressure
            └── Standard Term: Systolic blood pressure (observable entity) (SNOMED-CT)
Study:        [NN-DIABETES-001]
  └── Visit:  Baseline
       └── Collects: Systolic Blood Pressure
            └── Standard Term: Systolic blood pressure (observable entity) (SNOMED-CT)
Study:        [NN-DIABETES-002]
  └── Visit:  Baseline
       └── Collects: Systolic Blood Pressure
            └── Standard Term: Systolic blood pressure (observable entity) (SNOMED-CT)
Study:        [NN-OBESITY-001]
  └── Visit:  Baseline
       └── Collects: Systolic Blood Pressure
            └── Standard Term: Systolic blood pressure (observable entity) (SNOMED-CT)
Study:        [NN-OBESITY-002]
  └── Visit:  Baseline
       └── Collects: Systolic Blood Pressure
            └── Standard Term: Systolic blood pressure (observable entity) (SNOMED-CT)
Study:        [NN-CV-001]
  └── Visit:  Baseline
       └── Collects: Systolic Blood Pressure
            └── Standard Term: Systolic blood pressure (observable entity) (SNOMED-CT)
Study:        [NN-CV-002]
  └── Visit:  Baseline
       └── Collects: Systolic Blood Pressure
            └── Standard Term: Systolic blood pressure (observable entity) (SNOMED-CT)
Study:        [NN-RENAL-001]
  └── Visit:  Baseline
       └── Collects: Systolic Blood Pressure
            └── Standard Term: Systolic blood pressure (observable entity) (SNOMED-CT)
Study:        [NN-DIABETES-003]
  └── Visit:  Baseline
       └── Collects: Systolic Blood Pressure
            └── Standard Term: Systolic blood pressure (observable entity) (SNOMED-CT)
Study:        [NN-OBESITY-003]
  └── Visit:  Baseline
       └── Collects: Systolic Blood Pressure
            └── Standard Term: Systolic blood pressure (observable entity) (SNOMED-CT)
Study:        [NN-CARDIO-003]
  └── Visit:  Baseline
       └── Collects: Systolic Blood Pressure
            └── Standard Term: Systolic blood pressure (observable entity) (SNOMED-CT)
Study:        [NN-DIABETES-001]
  └── Visit:  Week 4 Follow-up
       └── Collects: Systolic Blood Pressure
            └── Standard Term: Systolic blood pressure (observable entity) (SNOMED-CT)
Study:        [NN-DIABETES-002]
  └── Visit:  Week 4 Follow-up
       └── Collects: Systolic Blood Pressure
            └── Standard Term: Systolic blood pressure (observable entity) (SNOMED-CT)
Study:        [NN-OBESITY-001]
  └── Visit:  Week 4 Follow-up
       └── Collects: Systolic Blood Pressure
            └── Standard Term: Systolic blood pressure (observable entity) (SNOMED-CT)
Study:        [NN-OBESITY-002]
  └── Visit:  Week 4 Follow-up
       └── Collects: Systolic Blood Pressure
            └── Standard Term: Systolic blood pressure (observable entity) (SNOMED-CT)
Study:        [NN-CV-001]
  └── Visit:  Week 4 Follow-up
       └── Collects: Systolic Blood Pressure
            └── Standard Term: Systolic blood pressure (observable entity) (SNOMED-CT)
Study:        [NN-CV-002]
  └── Visit:  Week 4 Follow-up
       └── Collects: Systolic Blood Pressure
            └── Standard Term: Systolic blood pressure (observable entity) (SNOMED-CT)
Study:        [NN-RENAL-001]
  └── Visit:  Week 4 Follow-up
       └── Collects: Systolic Blood Pressure
            └── Standard Term: Systolic blood pressure (observable entity) (SNOMED-CT)
Study:        [NN-DIABETES-003]
  └── Visit:  Week 4 Follow-up
       └── Collects: Systolic Blood Pressure
            └── Standard Term: Systolic blood pressure (observable entity) (SNOMED-CT)
Study:        [NN-OBESITY-003]
  └── Visit:  Week 4 Follow-up
       └── Collects: Systolic Blood Pressure
            └── Standard Term: Systolic blood pressure (observable entity) (SNOMED-CT)
Study:        [NN-CARDIO-003]
  └── Visit:  Week 4 Follow-up
       └── Collects: Systolic Blood Pressure
            └── Standard Term: Systolic blood pressure (observable entity) (SNOMED-CT)
Study:        [NN-DIABETES-001]
  └── Visit:  Week 12 Follow-up
       └── Collects: Systolic Blood Pressure
            └── Standard Term: Systolic blood pressure (observable entity) (SNOMED-CT)
Study:        [NN-DIABETES-002]
  └── Visit:  Week 12 Follow-up
       └── Collects: Systolic Blood Pressure
            └── Standard Term: Systolic blood pressure (observable entity) (SNOMED-CT)
Study:        [NN-OBESITY-001]
  └── Visit:  Week 12 Follow-up
       └── Collects: Systolic Blood Pressure
            └── Standard Term: Systolic blood pressure (observable entity) (SNOMED-CT)
Study:        [NN-OBESITY-002]
  └── Visit:  Week 12 Follow-up
       └── Collects: Systolic Blood Pressure
            └── Standard Term: Systolic blood pressure (observable entity) (SNOMED-CT)
Study:        [NN-CV-001]
  └── Visit:  Week 12 Follow-up
       └── Collects: Systolic Blood Pressure
            └── Standard Term: Systolic blood pressure (observable entity) (SNOMED-CT)
Study:        [NN-CV-002]
  └── Visit:  Week 12 Follow-up
       └── Collects: Systolic Blood Pressure
            └── Standard Term: Systolic blood pressure (observable entity) (SNOMED-CT)
Study:        [NN-RENAL-001]
  └── Visit:  Week 12 Follow-up
       └── Collects: Systolic Blood Pressure
            └── Standard Term: Systolic blood pressure (observable entity) (SNOMED-CT)
Study:        [NN-DIABETES-003]
  └── Visit:  Week 12 Follow-up
       └── Collects: Systolic Blood Pressure
            └── Standard Term: Systolic blood pressure (observable entity) (SNOMED-CT)
Study:        [NN-OBESITY-003]
  └── Visit:  Week 12 Follow-up
       └── Collects: Systolic Blood Pressure
            └── Standard Term: Systolic blood pressure (observable entity) (SNOMED-CT)
Study:        [NN-CARDIO-003]
  └── Visit:  Week 12 Follow-up
       └── Collects: Systolic Blood Pressure
            └── Standard Term: Systolic blood pressure (observable entity) (SNOMED-CT)
Study:        [NN-DIABETES-001]
  └── Visit:  Week 24 Follow-up
       └── Collects: Systolic Blood Pressure
            └── Standard Term: Systolic blood pressure (observable entity) (SNOMED-CT)
Study:        [NN-DIABETES-002]
  └── Visit:  Week 24 Follow-up
       └── Collects: Systolic Blood Pressure
            └── Standard Term: Systolic blood pressure (observable entity) (SNOMED-CT)
Study:        [NN-OBESITY-001]
  └── Visit:  Week 24 Follow-up
       └── Collects: Systolic Blood Pressure
            └── Standard Term: Systolic blood pressure (observable entity) (SNOMED-CT)
Study:        [NN-OBESITY-002]
  └── Visit:  Week 24 Follow-up
       └── Collects: Systolic Blood Pressure
            └── Standard Term: Systolic blood pressure (observable entity) (SNOMED-CT)
Study:        [NN-CV-001]
  └── Visit:  Week 24 Follow-up
       └── Collects: Systolic Blood Pressure
            └── Standard Term: Systolic blood pressure (observable entity) (SNOMED-CT)
Study:        [NN-CV-002]
  └── Visit:  Week 24 Follow-up
       └── Collects: Systolic Blood Pressure
            └── Standard Term: Systolic blood pressure (observable entity) (SNOMED-CT)
Study:        [NN-RENAL-001]
  └── Visit:  Week 24 Follow-up
       └── Collects: Systolic Blood Pressure
            └── Standard Term: Systolic blood pressure (observable entity) (SNOMED-CT)
Study:        [NN-DIABETES-003]
  └── Visit:  Week 24 Follow-up
       └── Collects: Systolic Blood Pressure
            └── Standard Term: Systolic blood pressure (observable entity) (SNOMED-CT)
Study:        [NN-OBESITY-003]
  └── Visit:  Week 24 Follow-up
       └── Collects: Systolic Blood Pressure
            └── Standard Term: Systolic blood pressure (observable entity) (SNOMED-CT)
Study:        [NN-CARDIO-003]
  └── Visit:  Week 24 Follow-up
       └── Collects: Systolic Blood Pressure
            └── Standard Term: Systolic blood pressure (observable entity) (SNOMED-CT)
Study:        [NN-DIABETES-001]
  └── Visit:  Screening
       └── Collects: Body Weight
            └── Standard Term: Body weight (observable entity) (SNOMED-CT)
Study:        [NN-DIABETES-002]
  └── Visit:  Screening
       └── Collects: Body Weight
            └── Standard Term: Body weight (observable entity) (SNOMED-CT)
Study:        [NN-OBESITY-001]
  └── Visit:  Screening
       └── Collects: Body Weight
            └── Standard Term: Body weight (observable entity) (SNOMED-CT)
Study:        [NN-OBESITY-002]
  └── Visit:  Screening
       └── Collects: Body Weight
            └── Standard Term: Body weight (observable entity) (SNOMED-CT)
Study:        [NN-CV-001]
  └── Visit:  Screening
       └── Collects: Body Weight
            └── Standard Term: Body weight (observable entity) (SNOMED-CT)
Study:        [NN-CV-002]
  └── Visit:  Screening
       └── Collects: Body Weight
            └── Standard Term: Body weight (observable entity) (SNOMED-CT)
Study:        [NN-RENAL-001]
  └── Visit:  Screening
       └── Collects: Body Weight
            └── Standard Term: Body weight (observable entity) (SNOMED-CT)
Study:        [NN-DIABETES-003]
  └── Visit:  Screening
       └── Collects: Body Weight
            └── Standard Term: Body weight (observable entity) (SNOMED-CT)
Study:        [NN-OBESITY-003]
  └── Visit:  Screening
       └── Collects: Body Weight
            └── Standard Term: Body weight (observable entity) (SNOMED-CT)
Study:        [NN-CARDIO-003]
  └── Visit:  Screening
       └── Collects: Body Weight
            └── Standard Term: Body weight (observable entity) (SNOMED-CT)
Study:        [NN-DIABETES-001]
  └── Visit:  Baseline
       └── Collects: Body Weight
            └── Standard Term: Body weight (observable entity) (SNOMED-CT)
Study:        [NN-DIABETES-002]
  └── Visit:  Baseline
       └── Collects: Body Weight
            └── Standard Term: Body weight (observable entity) (SNOMED-CT)
Study:        [NN-OBESITY-001]
  └── Visit:  Baseline
       └── Collects: Body Weight
            └── Standard Term: Body weight (observable entity) (SNOMED-CT)
Study:        [NN-OBESITY-002]
  └── Visit:  Baseline
       └── Collects: Body Weight
            └── Standard Term: Body weight (observable entity) (SNOMED-CT)
Study:        [NN-CV-001]
  └── Visit:  Baseline
       └── Collects: Body Weight
            └── Standard Term: Body weight (observable entity) (SNOMED-CT)
Study:        [NN-CV-002]
  └── Visit:  Baseline
       └── Collects: Body Weight
            └── Standard Term: Body weight (observable entity) (SNOMED-CT)
Study:        [NN-RENAL-001]
  └── Visit:  Baseline
       └── Collects: Body Weight
            └── Standard Term: Body weight (observable entity) (SNOMED-CT)
Study:        [NN-DIABETES-003]
  └── Visit:  Baseline
       └── Collects: Body Weight
            └── Standard Term: Body weight (observable entity) (SNOMED-CT)
Study:        [NN-OBESITY-003]
  └── Visit:  Baseline
       └── Collects: Body Weight
            └── Standard Term: Body weight (observable entity) (SNOMED-CT)
Study:        [NN-CARDIO-003]
  └── Visit:  Baseline
       └── Collects: Body Weight
            └── Standard Term: Body weight (observable entity) (SNOMED-CT)
Study:        [NN-DIABETES-001]
  └── Visit:  Week 4 Follow-up
       └── Collects: Body Weight
            └── Standard Term: Body weight (observable entity) (SNOMED-CT)
Study:        [NN-DIABETES-002]
  └── Visit:  Week 4 Follow-up
       └── Collects: Body Weight
            └── Standard Term: Body weight (observable entity) (SNOMED-CT)
Study:        [NN-OBESITY-001]
  └── Visit:  Week 4 Follow-up
       └── Collects: Body Weight
            └── Standard Term: Body weight (observable entity) (SNOMED-CT)
Study:        [NN-OBESITY-002]
  └── Visit:  Week 4 Follow-up
       └── Collects: Body Weight
            └── Standard Term: Body weight (observable entity) (SNOMED-CT)
Study:        [NN-CV-001]
  └── Visit:  Week 4 Follow-up
       └── Collects: Body Weight
            └── Standard Term: Body weight (observable entity) (SNOMED-CT)
Study:        [NN-CV-002]
  └── Visit:  Week 4 Follow-up
       └── Collects: Body Weight
            └── Standard Term: Body weight (observable entity) (SNOMED-CT)
Study:        [NN-RENAL-001]
  └── Visit:  Week 4 Follow-up
       └── Collects: Body Weight
            └── Standard Term: Body weight (observable entity) (SNOMED-CT)
Study:        [NN-DIABETES-003]
  └── Visit:  Week 4 Follow-up
       └── Collects: Body Weight
            └── Standard Term: Body weight (observable entity) (SNOMED-CT)
Study:        [NN-OBESITY-003]
  └── Visit:  Week 4 Follow-up
       └── Collects: Body Weight
            └── Standard Term: Body weight (observable entity) (SNOMED-CT)
Study:        [NN-CARDIO-003]
  └── Visit:  Week 4 Follow-up
       └── Collects: Body Weight
            └── Standard Term: Body weight (observable entity) (SNOMED-CT)
Study:        [NN-DIABETES-001]
  └── Visit:  Week 12 Follow-up
       └── Collects: Body Weight
            └── Standard Term: Body weight (observable entity) (SNOMED-CT)
Study:        [NN-DIABETES-002]
  └── Visit:  Week 12 Follow-up
       └── Collects: Body Weight
            └── Standard Term: Body weight (observable entity) (SNOMED-CT)
Study:        [NN-OBESITY-001]
  └── Visit:  Week 12 Follow-up
       └── Collects: Body Weight
            └── Standard Term: Body weight (observable entity) (SNOMED-CT)
Study:        [NN-OBESITY-002]
  └── Visit:  Week 12 Follow-up
       └── Collects: Body Weight
            └── Standard Term: Body weight (observable entity) (SNOMED-CT)
Study:        [NN-CV-001]
  └── Visit:  Week 12 Follow-up
       └── Collects: Body Weight
            └── Standard Term: Body weight (observable entity) (SNOMED-CT)
Study:        [NN-CV-002]
  └── Visit:  Week 12 Follow-up
       └── Collects: Body Weight
            └── Standard Term: Body weight (observable entity) (SNOMED-CT)
Study:        [NN-RENAL-001]
  └── Visit:  Week 12 Follow-up
       └── Collects: Body Weight
            └── Standard Term: Body weight (observable entity) (SNOMED-CT)
Study:        [NN-DIABETES-003]
  └── Visit:  Week 12 Follow-up
       └── Collects: Body Weight
            └── Standard Term: Body weight (observable entity) (SNOMED-CT)
Study:        [NN-OBESITY-003]
  └── Visit:  Week 12 Follow-up
       └── Collects: Body Weight
            └── Standard Term: Body weight (observable entity) (SNOMED-CT)
Study:        [NN-CARDIO-003]
  └── Visit:  Week 12 Follow-up
       └── Collects: Body Weight
            └── Standard Term: Body weight (observable entity) (SNOMED-CT)
Study:        [NN-DIABETES-001]
  └── Visit:  Week 24 Follow-up
       └── Collects: Body Weight
            └── Standard Term: Body weight (observable entity) (SNOMED-CT)
Study:        [NN-DIABETES-002]
  └── Visit:  Week 24 Follow-up
       └── Collects: Body Weight
            └── Standard Term: Body weight (observable entity) (SNOMED-CT)
Study:        [NN-OBESITY-001]
  └── Visit:  Week 24 Follow-up
       └── Collects: Body Weight
            └── Standard Term: Body weight (observable entity) (SNOMED-CT)
Study:        [NN-OBESITY-002]
  └── Visit:  Week 24 Follow-up
       └── Collects: Body Weight
            └── Standard Term: Body weight (observable entity) (SNOMED-CT)
Study:        [NN-CV-001]
  └── Visit:  Week 24 Follow-up
       └── Collects: Body Weight
            └── Standard Term: Body weight (observable entity) (SNOMED-CT)
Study:        [NN-CV-002]
  └── Visit:  Week 24 Follow-up
       └── Collects: Body Weight
            └── Standard Term: Body weight (observable entity) (SNOMED-CT)
Study:        [NN-RENAL-001]
  └── Visit:  Week 24 Follow-up
       └── Collects: Body Weight
            └── Standard Term: Body weight (observable entity) (SNOMED-CT)
Study:        [NN-DIABETES-003]
  └── Visit:  Week 24 Follow-up
       └── Collects: Body Weight
            └── Standard Term: Body weight (observable entity) (SNOMED-CT)
Study:        [NN-OBESITY-003]
  └── Visit:  Week 24 Follow-up
       └── Collects: Body Weight
            └── Standard Term: Body weight (observable entity) (SNOMED-CT)
Study:        [NN-CARDIO-003]
  └── Visit:  Week 24 Follow-up
       └── Collects: Body Weight
            └── Standard Term: Body weight (observable entity) (SNOMED-CT)
Executing seeding of data.....
Connectiosn are doing fine for neo4j+s://ce4f8680.databases.neo4j.io
Pronting of data.....

--- MAPPED CLINICAL METADATA PATHWAY ---
Study:        [NN-STUDY-001]
  └── Visit:  Baseline
       └── Collects: Glycated Hemoglobin
            └── Standard Term: Hemoglobin A1c Measurement (LOINC)
Study:        [NN-STUDY-002]
  └── Visit:  Baseline
       └── Collects: Glycated Hemoglobin
            └── Standard Term: Hemoglobin A1c Measurement (LOINC)
Study:        [NN-STUDY-001]
  └── Visit:  Week 12 Close-out
       └── Collects: Glycated Hemoglobin
            └── Standard Term: Hemoglobin A1c Measurement (LOINC)
Study:        [NN-STUDY-002]
  └── Visit:  Week 12 Close-out
       └── Collects: Glycated Hemoglobin
            └── Standard Term: Hemoglobin A1c Measurement (LOINC)
Study:        [NN-STUDY-001]
  └── Visit:  Week 4 Follow-up
       └── Collects: Glycated Hemoglobin
            └── Standard Term: Hemoglobin A1c Measurement (LOINC)
Study:        [NN-STUDY-002]
  └── Visit:  Week 4 Follow-up
       └── Collects: Glycated Hemoglobin
            └── Standard Term: Hemoglobin A1c Measurement (LOINC)
Study:        [NN-STUDY-001]
  └── Visit:  Baseline
       └── Collects: Systolic Blood Pressure
            └── Standard Term: Blood Pressure Measurement (SNOMED-CT)
Study:        [NN-STUDY-002]
  └── Visit:  Baseline
       └── Collects: Systolic Blood Pressure
            └── Standard Term: Blood Pressure Measurement (SNOMED-CT)
Study:        [NN-STUDY-001]
  └── Visit:  Week 12 Close-out
       └── Collects: Systolic Blood Pressure
            └── Standard Term: Blood Pressure Measurement (SNOMED-CT)
Study:        [NN-STUDY-002]
  └── Visit:  Week 12 Close-out
       └── Collects: Systolic Blood Pressure
            └── Standard Term: Blood Pressure Measurement (SNOMED-CT)
Study:        [NN-STUDY-001]
  └── Visit:  Week 4 Follow-up
       └── Collects: Systolic Blood Pressure
            └── Standard Term: Blood Pressure Measurement (SNOMED-CT)
Study:        [NN-STUDY-002]
  └── Visit:  Week 4 Follow-up
       └── Collects: Systolic Blood Pressure
            └── Standard Term: Blood Pressure Measurement (SNOMED-CT)
Study:        [NN-STUDY-001]
  └── Visit:  Baseline
       └── Collects: Diastolic Blood Pressure
            └── Standard Term: Blood Pressure Measurement (SNOMED-CT)
Study:        [NN-STUDY-002]
  └── Visit:  Baseline
       └── Collects: Diastolic Blood Pressure
            └── Standard Term: Blood Pressure Measurement (SNOMED-CT)
Study:        [NN-STUDY-001]
  └── Visit:  Week 12 Close-out
       └── Collects: Diastolic Blood Pressure
            └── Standard Term: Blood Pressure Measurement (SNOMED-CT)
Study:        [NN-STUDY-002]
  └── Visit:  Week 12 Close-out
       └── Collects: Diastolic Blood Pressure
            └── Standard Term: Blood Pressure Measurement (SNOMED-CT)
Study:        [NN-STUDY-001]
  └── Visit:  Week 4 Follow-up
       └── Collects: Diastolic Blood Pressure
            └── Standard Term: Blood Pressure Measurement (SNOMED-CT)
Study:        [NN-STUDY-002]
  └── Visit:  Week 4 Follow-up
       └── Collects: Diastolic Blood Pressure
            └── Standard Term: Blood Pressure Measurement (SNOMED-CT)
Study:        [NN-STUDY-001]
  └── Visit:  Baseline
       └── Collects: Heart Rate
            └── Standard Term: Heart Rate Assessment (SNOMED-CT)
Study:        [NN-STUDY-002]
  └── Visit:  Baseline
       └── Collects: Heart Rate
            └── Standard Term: Heart Rate Assessment (SNOMED-CT)
Study:        [NN-STUDY-001]
  └── Visit:  Week 12 Close-out
       └── Collects: Heart Rate
            └── Standard Term: Heart Rate Assessment (SNOMED-CT)
Study:        [NN-STUDY-002]
  └── Visit:  Week 12 Close-out
       └── Collects: Heart Rate
            └── Standard Term: Heart Rate Assessment (SNOMED-CT)
Study:        [NN-STUDY-001]
  └── Visit:  Week 4 Follow-up
       └── Collects: Heart Rate
            └── Standard Term: Heart Rate Assessment (SNOMED-CT)
Study:        [NN-STUDY-002]
  └── Visit:  Week 4 Follow-up
       └── Collects: Heart Rate
            └── Standard Term: Heart Rate Assessment (SNOMED-CT)
Executing seeding of data.....
Connectiosn are doing fine for neo4j+s://ce4f8680.databases.neo4j.io
Executing seeding of data.....
Connectiosn are doing fine for neo4j+s://ce4f8680.databases.neo4j.io
Executing seeding of data.....
Connectiosn are doing fine for neo4j+s://ce4f8680.databases.neo4j.io
Executing seeding of data.....
Connectiosn are doing fine for neo4j+s://ce4f8680.databases.neo4j.io
Executing seeding of data.....
Connectiosn are doing fine for neo4j+s://ce4f8680.databases.neo4j.io
Executing seeding of data.....
Connectiosn are doing fine for neo4j+s://ce4f8680.databases.neo4j.io
Executing seeding of data.....
Connectiosn are doing fine for neo4j+s://ce4f8680.databases.neo4j.io
Executing seeding of data.....
Connectiosn are doing fine for neo4j+s://ce4f8680.databases.neo4j.io
Executing seeding of data.....
Connectiosn are doing fine for neo4j+s://ce4f8680.databases.neo4j.io
Executing seeding of data.....
Connectiosn are doing fine for neo4j+s://ce4f8680.databases.neo4j.io
Executing seeding of data.....
Connectiosn are doing fine for neo4j+s://ce4f8680.databases.neo4j.io
Executing seeding of data.....
Connectiosn are doing fine for neo4j+s://ce4f8680.databases.neo4j.io
Executing seeding of data.....
Connectiosn are doing fine for neo4j+s://ce4f8680.databases.neo4j.io
Executing seeding of data.....
Connectiosn are doing fine for neo4j+s://ce4f8680.databases.neo4j.io
Executing seeding of data.....
Connectiosn are doing fine for neo4j+s://ce4f8680.databases.neo4j.io
Executing seeding of data.....
Connectiosn are doing fine for neo4j+s://ce4f8680.databases.neo4j.io
Executing seeding of data.....
Connectiosn are doing fine for neo4j+s://ce4f8680.databases.neo4j.io
Executing seeding of data.....
Connectiosn are doing fine for neo4j+s://ce4f8680.databases.neo4j.io
Executing seeding of data.....
Connectiosn are doing fine for neo4j+s://ce4f8680.databases.neo4j.io
Executing seeding of data.....
Connectiosn are doing fine for neo4j+s://ce4f8680.databases.neo4j.io
Pronting of data.....

--- MAPPED CLINICAL METADATA PATHWAY ---
Study:        [NN-STUDY-001]
  └── Visit:  Baseline
       └── Collects: Glycated Hemoglobin
            └── Standard Term: Hemoglobin A1c Measurement (LOINC)
Study:        [NN-STUDY-002]
  └── Visit:  Baseline
       └── Collects: Glycated Hemoglobin
            └── Standard Term: Hemoglobin A1c Measurement (LOINC)
Study:        [NN-STUDY-001]
  └── Visit:  Week 12 Close-out
       └── Collects: Glycated Hemoglobin
            └── Standard Term: Hemoglobin A1c Measurement (LOINC)
Study:        [NN-STUDY-002]
  └── Visit:  Week 12 Close-out
       └── Collects: Glycated Hemoglobin
            └── Standard Term: Hemoglobin A1c Measurement (LOINC)
Study:        [NN-STUDY-001]
  └── Visit:  Week 4 Follow-up
       └── Collects: Glycated Hemoglobin
            └── Standard Term: Hemoglobin A1c Measurement (LOINC)
Study:        [NN-STUDY-002]
  └── Visit:  Week 4 Follow-up
       └── Collects: Glycated Hemoglobin
            └── Standard Term: Hemoglobin A1c Measurement (LOINC)
Study:        [NN-STUDY-001]
  └── Visit:  Baseline
       └── Collects: Systolic Blood Pressure
            └── Standard Term: Blood Pressure Measurement (SNOMED-CT)
Study:        [NN-STUDY-002]
  └── Visit:  Baseline
       └── Collects: Systolic Blood Pressure
            └── Standard Term: Blood Pressure Measurement (SNOMED-CT)
Study:        [NN-STUDY-001]
  └── Visit:  Week 12 Close-out
       └── Collects: Systolic Blood Pressure
            └── Standard Term: Blood Pressure Measurement (SNOMED-CT)
Study:        [NN-STUDY-002]
  └── Visit:  Week 12 Close-out
       └── Collects: Systolic Blood Pressure
            └── Standard Term: Blood Pressure Measurement (SNOMED-CT)
Study:        [NN-STUDY-001]
  └── Visit:  Week 4 Follow-up
       └── Collects: Systolic Blood Pressure
            └── Standard Term: Blood Pressure Measurement (SNOMED-CT)
Study:        [NN-STUDY-002]
  └── Visit:  Week 4 Follow-up
       └── Collects: Systolic Blood Pressure
            └── Standard Term: Blood Pressure Measurement (SNOMED-CT)
Study:        [NN-STUDY-001]
  └── Visit:  Baseline
       └── Collects: Diastolic Blood Pressure
            └── Standard Term: Blood Pressure Measurement (SNOMED-CT)
Study:        [NN-STUDY-002]
  └── Visit:  Baseline
       └── Collects: Diastolic Blood Pressure
            └── Standard Term: Blood Pressure Measurement (SNOMED-CT)
Study:        [NN-STUDY-001]
  └── Visit:  Week 12 Close-out
       └── Collects: Diastolic Blood Pressure
            └── Standard Term: Blood Pressure Measurement (SNOMED-CT)
Study:        [NN-STUDY-002]
  └── Visit:  Week 12 Close-out
       └── Collects: Diastolic Blood Pressure
            └── Standard Term: Blood Pressure Measurement (SNOMED-CT)
Study:        [NN-STUDY-001]
  └── Visit:  Week 4 Follow-up
       └── Collects: Diastolic Blood Pressure
            └── Standard Term: Blood Pressure Measurement (SNOMED-CT)
Study:        [NN-STUDY-002]
  └── Visit:  Week 4 Follow-up
       └── Collects: Diastolic Blood Pressure
            └── Standard Term: Blood Pressure Measurement (SNOMED-CT)
Study:        [NN-STUDY-001]
  └── Visit:  Baseline
       └── Collects: Heart Rate
            └── Standard Term: Heart Rate Assessment (SNOMED-CT)
Study:        [NN-STUDY-002]
  └── Visit:  Baseline
       └── Collects: Heart Rate
            └── Standard Term: Heart Rate Assessment (SNOMED-CT)
Study:        [NN-STUDY-001]
  └── Visit:  Week 12 Close-out
       └── Collects: Heart Rate
            └── Standard Term: Heart Rate Assessment (SNOMED-CT)
Study:        [NN-STUDY-002]
  └── Visit:  Week 12 Close-out
       └── Collects: Heart Rate
            └── Standard Term: Heart Rate Assessment (SNOMED-CT)
Study:        [NN-STUDY-001]
  └── Visit:  Week 4 Follow-up
       └── Collects: Heart Rate
            └── Standard Term: Heart Rate Assessment (SNOMED-CT)
Study:        [NN-STUDY-002]
  └── Visit:  Week 4 Follow-up
       └── Collects: Heart Rate
            └── Standard Term: Heart Rate Assessment (SNOMED-CT)
