
============================================================
Fixed 300 chars, NO overlap — 6 chunks
============================================================

[Chunk 1] 300 chars
POLICY: Non-Performing Asset Management and Restructuring Guidelines

Section 1 - Classification
Any loan account where ...

[Chunk 2] 300 chars
than 12 months. 
Doubtful assets are NPAs that have remained sub-standard for more than 12 months. 
Loss assets are thos...

[Chunk 3] 300 chars
was standard for 
the preceding 12 months before being classified as NPA. 
The borrower must demonstrate viable business...

[Chunk 4] 300 chars
mounts above INR 5 crores.

Section 3 - Required Documentation
The borrower must submit Form 15C duly signed by a charte...

[Chunk 5] 300 chars
ths. 
All guarantors must provide fresh consent letters before restructuring is approved.

Section 4 - RBI Reporting
All...

[Chunk 6] 154 chars
orted individually. 
Quarterly progress reports on restructured accounts must be submitted 
to the RBI Regional Office b...

============================================================
Fixed 300 chars, 100 characters overlap — 9 chunks
============================================================

[Chunk 1] 300 chars
POLICY: Non-Performing Asset Management and Restructuring Guidelines

Section 1 - Classification
Any loan account where ...

[Chunk 2] 300 chars
ified as a Non-Performing Asset (NPA). 
Sub-standard assets are NPAs that have remained so for less than 12 months. 
Dou...

[Chunk 3] 300 chars
Loss assets are those where the bank has identified the loss but the amount 
has not been written off.

Section 2 - Rest...

[Chunk 4] 300 chars
was standard for 
the preceding 12 months before being classified as NPA. 
The borrower must demonstrate viable business...

[Chunk 5] 300 chars
requires approval from the Credit Committee for amounts 
above INR 50 lakhs and board approval for amounts above INR 5 c...

[Chunk 6] 300 chars
y signed by a chartered accountant. 
A detailed viability study prepared by an independent agency is mandatory 
for acco...

[Chunk 7] 300 chars
ths. 
All guarantors must provide fresh consent letters before restructuring is approved.

Section 4 - RBI Reporting
All...

[Chunk 8] 254 chars
n on Large Credits (CRILC) within 30 days of restructuring. 
Accounts above INR 5 crores must be reported individually. ...

[Chunk 9] 54 chars
BI Regional Office by the 15th of the following month.

============================================================
By Section Chunking — 1 chunks
============================================================

[Chunk 1] 1654 chars
POLICY: Non-Performing Asset Management and Restructuring Guidelines

Section 1 - Classification
Any loan account where ...

============================================================
Fixed 300 chars, NO overlap — 6 chunks
============================================================

[Chunk 1] 300 chars
POLICY: Non-Performing Asset Management and Restructuring Guidelines

Section 1 - Classification
Any loan account where ...

[Chunk 2] 300 chars
than 12 months. 
Doubtful assets are NPAs that have remained sub-standard for more than 12 months. 
Loss assets are thos...

[Chunk 3] 300 chars
was standard for 
the preceding 12 months before being classified as NPA. 
The borrower must demonstrate viable business...

[Chunk 4] 300 chars
mounts above INR 5 crores.

Section 3 - Required Documentation
The borrower must submit Form 15C duly signed by a charte...

[Chunk 5] 300 chars
ths. 
All guarantors must provide fresh consent letters before restructuring is approved.

Section 4 - RBI Reporting
All...

[Chunk 6] 154 chars
orted individually. 
Quarterly progress reports on restructured accounts must be submitted 
to the RBI Regional Office b...

============================================================
Fixed 300 chars, 100 characters overlap — 9 chunks
============================================================

[Chunk 1] 300 chars
POLICY: Non-Performing Asset Management and Restructuring Guidelines

Section 1 - Classification
Any loan account where ...

[Chunk 2] 300 chars
ified as a Non-Performing Asset (NPA). 
Sub-standard assets are NPAs that have remained so for less than 12 months. 
Dou...

[Chunk 3] 300 chars
Loss assets are those where the bank has identified the loss but the amount 
has not been written off.

Section 2 - Rest...

[Chunk 4] 300 chars
was standard for 
the preceding 12 months before being classified as NPA. 
The borrower must demonstrate viable business...

[Chunk 5] 300 chars
requires approval from the Credit Committee for amounts 
above INR 50 lakhs and board approval for amounts above INR 5 c...

[Chunk 6] 300 chars
y signed by a chartered accountant. 
A detailed viability study prepared by an independent agency is mandatory 
for acco...

[Chunk 7] 300 chars
ths. 
All guarantors must provide fresh consent letters before restructuring is approved.

Section 4 - RBI Reporting
All...

[Chunk 8] 254 chars
n on Large Credits (CRILC) within 30 days of restructuring. 
Accounts above INR 5 crores must be reported individually. ...

[Chunk 9] 54 chars
BI Regional Office by the 15th of the following month.

============================================================
By Section Chunking — 1 chunks
============================================================

[Chunk 1] 1654 chars
POLICY: Non-Performing Asset Management and Restructuring Guidelines

Section 1 - Classification
Any loan account where ...

============================================================
Fixed 300 chars, NO overlap — 6 chunks
============================================================

[Chunk 1] 300 chars
POLICY: Non-Performing Asset Management and Restructuring Guidelines

Section 1 - Classification
Any loan account where interest or principal repayment is overdue for more 
than 90 days shall be classified as a Non-Performing Asset (NPA). 
Sub-standard assets are NPAs that have remained so for less 

[Chunk 2] 300 chars
than 12 months. 
Doubtful assets are NPAs that have remained sub-standard for more than 12 months. 
Loss assets are those where the bank has identified the loss but the amount 
has not been written off.

Section 2 - Restructuring Eligibility  
A borrower is eligible for restructuring if the account 

[Chunk 3] 300 chars
was standard for 
the preceding 12 months before being classified as NPA. 
The borrower must demonstrate viable business operations and submit 
audited financials for the last 3 years. 
Restructuring requires approval from the Credit Committee for amounts 
above INR 50 lakhs and board approval for a

[Chunk 4] 300 chars
mounts above INR 5 crores.

Section 3 - Required Documentation
The borrower must submit Form 15C duly signed by a chartered accountant. 
A detailed viability study prepared by an independent agency is mandatory 
for accounts above INR 1 crore. 
Property valuation reports must not be older than 6 mon

[Chunk 5] 300 chars
ths. 
All guarantors must provide fresh consent letters before restructuring is approved.

Section 4 - RBI Reporting
All restructured accounts must be reported to the Central Repository of 
Information on Large Credits (CRILC) within 30 days of restructuring. 
Accounts above INR 5 crores must be rep

[Chunk 6] 154 chars
orted individually. 
Quarterly progress reports on restructured accounts must be submitted 
to the RBI Regional Office by the 15th of the following month.

============================================================
Fixed 300 chars, 100 characters overlap — 9 chunks
============================================================

[Chunk 1] 300 chars
POLICY: Non-Performing Asset Management and Restructuring Guidelines

Section 1 - Classification
Any loan account where interest or principal repayment is overdue for more 
than 90 days shall be classified as a Non-Performing Asset (NPA). 
Sub-standard assets are NPAs that have remained so for less 

[Chunk 2] 300 chars
ified as a Non-Performing Asset (NPA). 
Sub-standard assets are NPAs that have remained so for less than 12 months. 
Doubtful assets are NPAs that have remained sub-standard for more than 12 months. 
Loss assets are those where the bank has identified the loss but the amount 
has not been written of

[Chunk 3] 300 chars
Loss assets are those where the bank has identified the loss but the amount 
has not been written off.

Section 2 - Restructuring Eligibility  
A borrower is eligible for restructuring if the account was standard for 
the preceding 12 months before being classified as NPA. 
The borrower must demonst

[Chunk 4] 300 chars
was standard for 
the preceding 12 months before being classified as NPA. 
The borrower must demonstrate viable business operations and submit 
audited financials for the last 3 years. 
Restructuring requires approval from the Credit Committee for amounts 
above INR 50 lakhs and board approval for a

[Chunk 5] 300 chars
requires approval from the Credit Committee for amounts 
above INR 50 lakhs and board approval for amounts above INR 5 crores.

Section 3 - Required Documentation
The borrower must submit Form 15C duly signed by a chartered accountant. 
A detailed viability study prepared by an independent agency is

[Chunk 6] 300 chars
y signed by a chartered accountant. 
A detailed viability study prepared by an independent agency is mandatory 
for accounts above INR 1 crore. 
Property valuation reports must not be older than 6 months. 
All guarantors must provide fresh consent letters before restructuring is approved.

Section 4

[Chunk 7] 300 chars
ths. 
All guarantors must provide fresh consent letters before restructuring is approved.

Section 4 - RBI Reporting
All restructured accounts must be reported to the Central Repository of 
Information on Large Credits (CRILC) within 30 days of restructuring. 
Accounts above INR 5 crores must be rep

[Chunk 8] 254 chars
n on Large Credits (CRILC) within 30 days of restructuring. 
Accounts above INR 5 crores must be reported individually. 
Quarterly progress reports on restructured accounts must be submitted 
to the RBI Regional Office by the 15th of the following month.

[Chunk 9] 54 chars
BI Regional Office by the 15th of the following month.

============================================================
By Section Chunking — 1 chunks
============================================================

[Chunk 1] 1654 chars
POLICY: Non-Performing Asset Management and Restructuring Guidelines

Section 1 - Classification
Any loan account where interest or principal repayment is overdue for more 
than 90 days shall be classified as a Non-Performing Asset (NPA). 
Sub-standard assets are NPAs that have remained so for less than 12 months. 
Doubtful assets are NPAs that have remained sub-standard for more than 12 months. 
Loss assets are those where the bank has identified the loss but the amount 
has not been written off.

Section 2 - Restructuring Eligibility  
A borrower is eligible for restructuring if the account was standard for 
the preceding 12 months before being classified as NPA. 
The borrower must demonstrate viable business operations and submit 
audited financials for the last 3 years. 
Restructuring requires approval from the Credit Committee for amounts 
above INR 50 lakhs and board approval for amounts above INR 5 crores.

Section 3 - Required Documentation
The borrower must submit Form 15C duly signed by a chartered accountant. 
A detailed viability study prepared by an independent agency is mandatory 
for accounts above INR 1 crore. 
Property valuation reports must not be older than 6 months. 
All guarantors must provide fresh consent letters before restructuring is approved.

Section 4 - RBI Reporting
All restructured accounts must be reported to the Central Repository of 
Information on Large Credits (CRILC) within 30 days of restructuring. 
Accounts above INR 5 crores must be reported individually. 
Quarterly progress reports on restructured accounts must be submitted 
to the RBI Regional Office by the 15th of the following month.

============================================================
Fixed 300 chars, NO overlap — 6 chunks
============================================================

[Chunk 1] 300 chars
POLICY: Non-Performing Asset Management and Restructuring Guidelines

Section 1 - Classification
Any loan account where interest or principal repayment is overdue for more 
than 90 days shall be classified as a Non-Performing Asset (NPA). 
Sub-standard assets are NPAs that have remained so for less 

[Chunk 2] 300 chars
than 12 months. 
Doubtful assets are NPAs that have remained sub-standard for more than 12 months. 
Loss assets are those where the bank has identified the loss but the amount 
has not been written off.

Section 2 - Restructuring Eligibility  
A borrower is eligible for restructuring if the account 

[Chunk 3] 300 chars
was standard for 
the preceding 12 months before being classified as NPA. 
The borrower must demonstrate viable business operations and submit 
audited financials for the last 3 years. 
Restructuring requires approval from the Credit Committee for amounts 
above INR 50 lakhs and board approval for a

[Chunk 4] 300 chars
mounts above INR 5 crores.

Section 3 - Required Documentation
The borrower must submit Form 15C duly signed by a chartered accountant. 
A detailed viability study prepared by an independent agency is mandatory 
for accounts above INR 1 crore. 
Property valuation reports must not be older than 6 mon

[Chunk 5] 300 chars
ths. 
All guarantors must provide fresh consent letters before restructuring is approved.

Section 4 - RBI Reporting
All restructured accounts must be reported to the Central Repository of 
Information on Large Credits (CRILC) within 30 days of restructuring. 
Accounts above INR 5 crores must be rep

[Chunk 6] 154 chars
orted individually. 
Quarterly progress reports on restructured accounts must be submitted 
to the RBI Regional Office by the 15th of the following month.

============================================================
Fixed 300 chars, 100 characters overlap — 9 chunks
============================================================

[Chunk 1] 300 chars
POLICY: Non-Performing Asset Management and Restructuring Guidelines

Section 1 - Classification
Any loan account where interest or principal repayment is overdue for more 
than 90 days shall be classified as a Non-Performing Asset (NPA). 
Sub-standard assets are NPAs that have remained so for less 

[Chunk 2] 300 chars
ified as a Non-Performing Asset (NPA). 
Sub-standard assets are NPAs that have remained so for less than 12 months. 
Doubtful assets are NPAs that have remained sub-standard for more than 12 months. 
Loss assets are those where the bank has identified the loss but the amount 
has not been written of

[Chunk 3] 300 chars
Loss assets are those where the bank has identified the loss but the amount 
has not been written off.

Section 2 - Restructuring Eligibility  
A borrower is eligible for restructuring if the account was standard for 
the preceding 12 months before being classified as NPA. 
The borrower must demonst

[Chunk 4] 300 chars
was standard for 
the preceding 12 months before being classified as NPA. 
The borrower must demonstrate viable business operations and submit 
audited financials for the last 3 years. 
Restructuring requires approval from the Credit Committee for amounts 
above INR 50 lakhs and board approval for a

[Chunk 5] 300 chars
requires approval from the Credit Committee for amounts 
above INR 50 lakhs and board approval for amounts above INR 5 crores.

Section 3 - Required Documentation
The borrower must submit Form 15C duly signed by a chartered accountant. 
A detailed viability study prepared by an independent agency is

[Chunk 6] 300 chars
y signed by a chartered accountant. 
A detailed viability study prepared by an independent agency is mandatory 
for accounts above INR 1 crore. 
Property valuation reports must not be older than 6 months. 
All guarantors must provide fresh consent letters before restructuring is approved.

Section 4

[Chunk 7] 300 chars
ths. 
All guarantors must provide fresh consent letters before restructuring is approved.

Section 4 - RBI Reporting
All restructured accounts must be reported to the Central Repository of 
Information on Large Credits (CRILC) within 30 days of restructuring. 
Accounts above INR 5 crores must be rep

[Chunk 8] 254 chars
n on Large Credits (CRILC) within 30 days of restructuring. 
Accounts above INR 5 crores must be reported individually. 
Quarterly progress reports on restructured accounts must be submitted 
to the RBI Regional Office by the 15th of the following month.

[Chunk 9] 54 chars
BI Regional Office by the 15th of the following month.

============================================================
By Section Chunking — 1 chunks
============================================================

[Chunk 1] 1654 chars
POLICY: Non-Performing Asset Management and Restructuring Guidelines

Section 1 - Classification
Any loan account where interest or principal repayment is overdue for more 
than 90 days shall be classified as a Non-Performing Asset (NPA). 
Sub-standard assets are NPAs that have remained so for less than 12 months. 
Doubtful assets are NPAs that have remained sub-standard for more than 12 months. 
Loss assets are those where the bank has identified the loss but the amount 
has not been written off.

Section 2 - Restructuring Eligibility  
A borrower is eligible for restructuring if the account was standard for 
the preceding 12 months before being classified as NPA. 
The borrower must demonstrate viable business operations and submit 
audited financials for the last 3 years. 
Restructuring requires approval from the Credit Committee for amounts 
above INR 50 lakhs and board approval for amounts above INR 5 crores.

Section 3 - Required Documentation
The borrower must submit Form 15C duly signed by a chartered accountant. 
A detailed viability study prepared by an independent agency is mandatory 
for accounts above INR 1 crore. 
Property valuation reports must not be older than 6 months. 
All guarantors must provide fresh consent letters before restructuring is approved.

Section 4 - RBI Reporting
All restructured accounts must be reported to the Central Repository of 
Information on Large Credits (CRILC) within 30 days of restructuring. 
Accounts above INR 5 crores must be reported individually. 
Quarterly progress reports on restructured accounts must be submitted 
to the RBI Regional Office by the 15th of the following month.

============================================================
By Section Chunking — 5 chunks
============================================================

[Chunk 1] 68 chars
POLICY: Non-Performing Asset Management and Restructuring Guidelines

[Chunk 2] 432 chars
Section 1 - Classification
Any loan account where interest or principal repayment is overdue for more 
than 90 days shall be classified as a Non-Performing Asset (NPA). 
Sub-standard assets are NPAs that have remained so for less than 12 months. 
Doubtful assets are NPAs that have remained sub-standard for more than 12 months. 
Loss assets are those where the bank has identified the loss but the amount 
has not been written off.

[Chunk 3] 422 chars
Section 2 - Restructuring Eligibility  
A borrower is eligible for restructuring if the account was standard for 
the preceding 12 months before being classified as NPA. 
The borrower must demonstrate viable business operations and submit 
audited financials for the last 3 years. 
Restructuring requires approval from the Credit Committee for amounts 
above INR 50 lakhs and board approval for amounts above INR 5 crores.

[Chunk 4] 361 chars
Section 3 - Required Documentation
The borrower must submit Form 15C duly signed by a chartered accountant. 
A detailed viability study prepared by an independent agency is mandatory 
for accounts above INR 1 crore. 
Property valuation reports must not be older than 6 months. 
All guarantors must provide fresh consent letters before restructuring is approved.

[Chunk 5] 363 chars
Section 4 - RBI Reporting
All restructured accounts must be reported to the Central Repository of 
Information on Large Credits (CRILC) within 30 days of restructuring. 
Accounts above INR 5 crores must be reported individually. 
Quarterly progress reports on restructured accounts must be submitted 
to the RBI Regional Office by the 15th of the following month.

============================================================
Fixed 300 chars, NO overlap — 6 chunks
============================================================

[Chunk 1] 300 chars
POLICY: Non-Performing Asset Management and Restructuring Guidelines

Section 1 - Classification
Any loan account where interest or principal repayment is overdue for more 
than 90 days shall be classified as a Non-Performing Asset (NPA). 
Sub-standard assets are NPAs that have remained so for less 

[Chunk 2] 300 chars
than 12 months. 
Doubtful assets are NPAs that have remained sub-standard for more than 12 months. 
Loss assets are those where the bank has identified the loss but the amount 
has not been written off.

Section 2 - Restructuring Eligibility  
A borrower is eligible for restructuring if the account 

[Chunk 3] 300 chars
was standard for 
the preceding 12 months before being classified as NPA. 
The borrower must demonstrate viable business operations and submit 
audited financials for the last 3 years. 
Restructuring requires approval from the Credit Committee for amounts 
above INR 50 lakhs and board approval for a

[Chunk 4] 300 chars
mounts above INR 5 crores.

Section 3 - Required Documentation
The borrower must submit Form 15C duly signed by a chartered accountant. 
A detailed viability study prepared by an independent agency is mandatory 
for accounts above INR 1 crore. 
Property valuation reports must not be older than 6 mon

[Chunk 5] 300 chars
ths. 
All guarantors must provide fresh consent letters before restructuring is approved.

Section 4 - RBI Reporting
All restructured accounts must be reported to the Central Repository of 
Information on Large Credits (CRILC) within 30 days of restructuring. 
Accounts above INR 5 crores must be rep

[Chunk 6] 154 chars
orted individually. 
Quarterly progress reports on restructured accounts must be submitted 
to the RBI Regional Office by the 15th of the following month.

============================================================
Fixed 300 chars, 100 characters overlap — 9 chunks
============================================================

[Chunk 1] 300 chars
POLICY: Non-Performing Asset Management and Restructuring Guidelines

Section 1 - Classification
Any loan account where interest or principal repayment is overdue for more 
than 90 days shall be classified as a Non-Performing Asset (NPA). 
Sub-standard assets are NPAs that have remained so for less 

[Chunk 2] 300 chars
ified as a Non-Performing Asset (NPA). 
Sub-standard assets are NPAs that have remained so for less than 12 months. 
Doubtful assets are NPAs that have remained sub-standard for more than 12 months. 
Loss assets are those where the bank has identified the loss but the amount 
has not been written of

[Chunk 3] 300 chars
Loss assets are those where the bank has identified the loss but the amount 
has not been written off.

Section 2 - Restructuring Eligibility  
A borrower is eligible for restructuring if the account was standard for 
the preceding 12 months before being classified as NPA. 
The borrower must demonst

[Chunk 4] 300 chars
was standard for 
the preceding 12 months before being classified as NPA. 
The borrower must demonstrate viable business operations and submit 
audited financials for the last 3 years. 
Restructuring requires approval from the Credit Committee for amounts 
above INR 50 lakhs and board approval for a

[Chunk 5] 300 chars
requires approval from the Credit Committee for amounts 
above INR 50 lakhs and board approval for amounts above INR 5 crores.

Section 3 - Required Documentation
The borrower must submit Form 15C duly signed by a chartered accountant. 
A detailed viability study prepared by an independent agency is

[Chunk 6] 300 chars
y signed by a chartered accountant. 
A detailed viability study prepared by an independent agency is mandatory 
for accounts above INR 1 crore. 
Property valuation reports must not be older than 6 months. 
All guarantors must provide fresh consent letters before restructuring is approved.

Section 4

[Chunk 7] 300 chars
ths. 
All guarantors must provide fresh consent letters before restructuring is approved.

Section 4 - RBI Reporting
All restructured accounts must be reported to the Central Repository of 
Information on Large Credits (CRILC) within 30 days of restructuring. 
Accounts above INR 5 crores must be rep

[Chunk 8] 254 chars
n on Large Credits (CRILC) within 30 days of restructuring. 
Accounts above INR 5 crores must be reported individually. 
Quarterly progress reports on restructured accounts must be submitted 
to the RBI Regional Office by the 15th of the following month.

[Chunk 9] 54 chars
BI Regional Office by the 15th of the following month.

============================================================
By Section Chunking — 5 chunks
============================================================

[Chunk 1] 68 chars
POLICY: Non-Performing Asset Management and Restructuring Guidelines

[Chunk 2] 432 chars
Section 1 - Classification
Any loan account where interest or principal repayment is overdue for more 
than 90 days shall be classified as a Non-Performing Asset (NPA). 
Sub-standard assets are NPAs that have remained so for less than 12 months. 
Doubtful assets are NPAs that have remained sub-standard for more than 12 months. 
Loss assets are those where the bank has identified the loss but the amount 
has not been written off.

[Chunk 3] 422 chars
Section 2 - Restructuring Eligibility  
A borrower is eligible for restructuring if the account was standard for 
the preceding 12 months before being classified as NPA. 
The borrower must demonstrate viable business operations and submit 
audited financials for the last 3 years. 
Restructuring requires approval from the Credit Committee for amounts 
above INR 50 lakhs and board approval for amounts above INR 5 crores.

[Chunk 4] 361 chars
Section 3 - Required Documentation
The borrower must submit Form 15C duly signed by a chartered accountant. 
A detailed viability study prepared by an independent agency is mandatory 
for accounts above INR 1 crore. 
Property valuation reports must not be older than 6 months. 
All guarantors must provide fresh consent letters before restructuring is approved.

[Chunk 5] 363 chars
Section 4 - RBI Reporting
All restructured accounts must be reported to the Central Repository of 
Information on Large Credits (CRILC) within 30 days of restructuring. 
Accounts above INR 5 crores must be reported individually. 
Quarterly progress reports on restructured accounts must be submitted 
to the RBI Regional Office by the 15th of the following month.

============================================================
Fixed 300 chars, NO overlap — 9 chunks
============================================================

[Chunk 1] 200 chars
POLICY: Non-Performing Asset Management and Restructuring Guidelines

Section 1 - Classification
Any loan account where interest or principal repayment is overdue for more 
than 90 days shall be class

[Chunk 2] 200 chars
ified as a Non-Performing Asset (NPA). 
Sub-standard assets are NPAs that have remained so for less than 12 months. 
Doubtful assets are NPAs that have remained sub-standard for more than 12 months. 


[Chunk 3] 200 chars
Loss assets are those where the bank has identified the loss but the amount 
has not been written off.

Section 2 - Restructuring Eligibility  
A borrower is eligible for restructuring if the account 

[Chunk 4] 200 chars
was standard for 
the preceding 12 months before being classified as NPA. 
The borrower must demonstrate viable business operations and submit 
audited financials for the last 3 years. 
Restructuring 

[Chunk 5] 200 chars
requires approval from the Credit Committee for amounts 
above INR 50 lakhs and board approval for amounts above INR 5 crores.

Section 3 - Required Documentation
The borrower must submit Form 15C dul

[Chunk 6] 200 chars
y signed by a chartered accountant. 
A detailed viability study prepared by an independent agency is mandatory 
for accounts above INR 1 crore. 
Property valuation reports must not be older than 6 mon

[Chunk 7] 200 chars
ths. 
All guarantors must provide fresh consent letters before restructuring is approved.

Section 4 - RBI Reporting
All restructured accounts must be reported to the Central Repository of 
Informatio

[Chunk 8] 200 chars
n on Large Credits (CRILC) within 30 days of restructuring. 
Accounts above INR 5 crores must be reported individually. 
Quarterly progress reports on restructured accounts must be submitted 
to the R

[Chunk 9] 54 chars
BI Regional Office by the 15th of the following month.

============================================================
Fixed 300 chars, 100 characters overlap — 9 chunks
============================================================

[Chunk 1] 300 chars
POLICY: Non-Performing Asset Management and Restructuring Guidelines

Section 1 - Classification
Any loan account where interest or principal repayment is overdue for more 
than 90 days shall be classified as a Non-Performing Asset (NPA). 
Sub-standard assets are NPAs that have remained so for less 

[Chunk 2] 300 chars
ified as a Non-Performing Asset (NPA). 
Sub-standard assets are NPAs that have remained so for less than 12 months. 
Doubtful assets are NPAs that have remained sub-standard for more than 12 months. 
Loss assets are those where the bank has identified the loss but the amount 
has not been written of

[Chunk 3] 300 chars
Loss assets are those where the bank has identified the loss but the amount 
has not been written off.

Section 2 - Restructuring Eligibility  
A borrower is eligible for restructuring if the account was standard for 
the preceding 12 months before being classified as NPA. 
The borrower must demonst

[Chunk 4] 300 chars
was standard for 
the preceding 12 months before being classified as NPA. 
The borrower must demonstrate viable business operations and submit 
audited financials for the last 3 years. 
Restructuring requires approval from the Credit Committee for amounts 
above INR 50 lakhs and board approval for a

[Chunk 5] 300 chars
requires approval from the Credit Committee for amounts 
above INR 50 lakhs and board approval for amounts above INR 5 crores.

Section 3 - Required Documentation
The borrower must submit Form 15C duly signed by a chartered accountant. 
A detailed viability study prepared by an independent agency is

[Chunk 6] 300 chars
y signed by a chartered accountant. 
A detailed viability study prepared by an independent agency is mandatory 
for accounts above INR 1 crore. 
Property valuation reports must not be older than 6 months. 
All guarantors must provide fresh consent letters before restructuring is approved.

Section 4

[Chunk 7] 300 chars
ths. 
All guarantors must provide fresh consent letters before restructuring is approved.

Section 4 - RBI Reporting
All restructured accounts must be reported to the Central Repository of 
Information on Large Credits (CRILC) within 30 days of restructuring. 
Accounts above INR 5 crores must be rep

[Chunk 8] 254 chars
n on Large Credits (CRILC) within 30 days of restructuring. 
Accounts above INR 5 crores must be reported individually. 
Quarterly progress reports on restructured accounts must be submitted 
to the RBI Regional Office by the 15th of the following month.

[Chunk 9] 54 chars
BI Regional Office by the 15th of the following month.

============================================================
By Section Chunking — 5 chunks
============================================================

[Chunk 1] 68 chars
POLICY: Non-Performing Asset Management and Restructuring Guidelines

[Chunk 2] 432 chars
Section 1 - Classification
Any loan account where interest or principal repayment is overdue for more 
than 90 days shall be classified as a Non-Performing Asset (NPA). 
Sub-standard assets are NPAs that have remained so for less than 12 months. 
Doubtful assets are NPAs that have remained sub-standard for more than 12 months. 
Loss assets are those where the bank has identified the loss but the amount 
has not been written off.

[Chunk 3] 422 chars
Section 2 - Restructuring Eligibility  
A borrower is eligible for restructuring if the account was standard for 
the preceding 12 months before being classified as NPA. 
The borrower must demonstrate viable business operations and submit 
audited financials for the last 3 years. 
Restructuring requires approval from the Credit Committee for amounts 
above INR 50 lakhs and board approval for amounts above INR 5 crores.

[Chunk 4] 361 chars
Section 3 - Required Documentation
The borrower must submit Form 15C duly signed by a chartered accountant. 
A detailed viability study prepared by an independent agency is mandatory 
for accounts above INR 1 crore. 
Property valuation reports must not be older than 6 months. 
All guarantors must provide fresh consent letters before restructuring is approved.

[Chunk 5] 363 chars
Section 4 - RBI Reporting
All restructured accounts must be reported to the Central Repository of 
Information on Large Credits (CRILC) within 30 days of restructuring. 
Accounts above INR 5 crores must be reported individually. 
Quarterly progress reports on restructured accounts must be submitted 
to the RBI Regional Office by the 15th of the following month.

============================================================
Fixed 300 chars, NO overlap — 11 chunks
============================================================

[Chunk 1] 200 chars
POLICY: Non-Performing Asset Management and Restructuring Guidelines

Section 1 - Classification
Any loan account where interest or principal repayment is overdue for more 
than 90 days shall be class

[Chunk 2] 200 chars
ue for more 
than 90 days shall be classified as a Non-Performing Asset (NPA). 
Sub-standard assets are NPAs that have remained so for less than 12 months. 
Doubtful assets are NPAs that have remained

[Chunk 3] 200 chars
btful assets are NPAs that have remained sub-standard for more than 12 months. 
Loss assets are those where the bank has identified the loss but the amount 
has not been written off.

Section 2 - Rest

[Chunk 4] 200 chars
 not been written off.

Section 2 - Restructuring Eligibility  
A borrower is eligible for restructuring if the account was standard for 
the preceding 12 months before being classified as NPA. 
The b

[Chunk 5] 200 chars
s before being classified as NPA. 
The borrower must demonstrate viable business operations and submit 
audited financials for the last 3 years. 
Restructuring requires approval from the Credit Commit

[Chunk 6] 200 chars
requires approval from the Credit Committee for amounts 
above INR 50 lakhs and board approval for amounts above INR 5 crores.

Section 3 - Required Documentation
The borrower must submit Form 15C dul

[Chunk 7] 200 chars
on
The borrower must submit Form 15C duly signed by a chartered accountant. 
A detailed viability study prepared by an independent agency is mandatory 
for accounts above INR 1 crore. 
Property valuat

[Chunk 8] 200 chars
unts above INR 1 crore. 
Property valuation reports must not be older than 6 months. 
All guarantors must provide fresh consent letters before restructuring is approved.

Section 4 - RBI Reporting
All

[Chunk 9] 200 chars
approved.

Section 4 - RBI Reporting
All restructured accounts must be reported to the Central Repository of 
Information on Large Credits (CRILC) within 30 days of restructuring. 
Accounts above INR 

[Chunk 10] 200 chars
s of restructuring. 
Accounts above INR 5 crores must be reported individually. 
Quarterly progress reports on restructured accounts must be submitted 
to the RBI Regional Office by the 15th of the fo

[Chunk 11] 54 chars
BI Regional Office by the 15th of the following month.

============================================================
Fixed 300 chars, 100 characters overlap — 9 chunks
============================================================

[Chunk 1] 300 chars
POLICY: Non-Performing Asset Management and Restructuring Guidelines

Section 1 - Classification
Any loan account where interest or principal repayment is overdue for more 
than 90 days shall be classified as a Non-Performing Asset (NPA). 
Sub-standard assets are NPAs that have remained so for less 

[Chunk 2] 300 chars
ified as a Non-Performing Asset (NPA). 
Sub-standard assets are NPAs that have remained so for less than 12 months. 
Doubtful assets are NPAs that have remained sub-standard for more than 12 months. 
Loss assets are those where the bank has identified the loss but the amount 
has not been written of

[Chunk 3] 300 chars
Loss assets are those where the bank has identified the loss but the amount 
has not been written off.

Section 2 - Restructuring Eligibility  
A borrower is eligible for restructuring if the account was standard for 
the preceding 12 months before being classified as NPA. 
The borrower must demonst

[Chunk 4] 300 chars
was standard for 
the preceding 12 months before being classified as NPA. 
The borrower must demonstrate viable business operations and submit 
audited financials for the last 3 years. 
Restructuring requires approval from the Credit Committee for amounts 
above INR 50 lakhs and board approval for a

[Chunk 5] 300 chars
requires approval from the Credit Committee for amounts 
above INR 50 lakhs and board approval for amounts above INR 5 crores.

Section 3 - Required Documentation
The borrower must submit Form 15C duly signed by a chartered accountant. 
A detailed viability study prepared by an independent agency is

[Chunk 6] 300 chars
y signed by a chartered accountant. 
A detailed viability study prepared by an independent agency is mandatory 
for accounts above INR 1 crore. 
Property valuation reports must not be older than 6 months. 
All guarantors must provide fresh consent letters before restructuring is approved.

Section 4

[Chunk 7] 300 chars
ths. 
All guarantors must provide fresh consent letters before restructuring is approved.

Section 4 - RBI Reporting
All restructured accounts must be reported to the Central Repository of 
Information on Large Credits (CRILC) within 30 days of restructuring. 
Accounts above INR 5 crores must be rep

[Chunk 8] 254 chars
n on Large Credits (CRILC) within 30 days of restructuring. 
Accounts above INR 5 crores must be reported individually. 
Quarterly progress reports on restructured accounts must be submitted 
to the RBI Regional Office by the 15th of the following month.

[Chunk 9] 54 chars
BI Regional Office by the 15th of the following month.

============================================================
By Section Chunking — 5 chunks
============================================================

[Chunk 1] 68 chars
POLICY: Non-Performing Asset Management and Restructuring Guidelines

[Chunk 2] 432 chars
Section 1 - Classification
Any loan account where interest or principal repayment is overdue for more 
than 90 days shall be classified as a Non-Performing Asset (NPA). 
Sub-standard assets are NPAs that have remained so for less than 12 months. 
Doubtful assets are NPAs that have remained sub-standard for more than 12 months. 
Loss assets are those where the bank has identified the loss but the amount 
has not been written off.

[Chunk 3] 422 chars
Section 2 - Restructuring Eligibility  
A borrower is eligible for restructuring if the account was standard for 
the preceding 12 months before being classified as NPA. 
The borrower must demonstrate viable business operations and submit 
audited financials for the last 3 years. 
Restructuring requires approval from the Credit Committee for amounts 
above INR 50 lakhs and board approval for amounts above INR 5 crores.

[Chunk 4] 361 chars
Section 3 - Required Documentation
The borrower must submit Form 15C duly signed by a chartered accountant. 
A detailed viability study prepared by an independent agency is mandatory 
for accounts above INR 1 crore. 
Property valuation reports must not be older than 6 months. 
All guarantors must provide fresh consent letters before restructuring is approved.

[Chunk 5] 363 chars
Section 4 - RBI Reporting
All restructured accounts must be reported to the Central Repository of 
Information on Large Credits (CRILC) within 30 days of restructuring. 
Accounts above INR 5 crores must be reported individually. 
Quarterly progress reports on restructured accounts must be submitted 
to the RBI Regional Office by the 15th of the following month.
