Script Execution Started @2026-08-16 16:58:04.674878
 File is empty or missing. Starting with an empty transaction list.

Processing T001 dated 2026-08-10 for account ACC001
T001 | Quality score: 0.8 | Quality issues : ['Duplicate_record'] - T001 | rcon: matched | compliance : compliant | breach: 0.0

Processing T002 dated 2026-08-10 for account ACC002
T002 | Quality score: 0.8 | Quality issues : ['Null_amount'] - T002 | rcon:  | compliance : compliant | breach: 0.0

Processing T003 dated 2026-08-11 for account ACC003
T003 | Quality score: 0.6 | Quality issues : ['Reconciliation_break', 'Currency_mismatch'] - T003 | rcon:  | compliance : warning | breach: 2500000.0
Transaction T001 already processed Skipping.

Processing T004 dated 2026-08-12 for account ACC004
T004 | Quality score: 0.8 | Quality issues : ['Sign_error'] - T004 | rcon:  | compliance : breach | breach: 10000.0
Script Execution Endeded @2026-08-16 16:58:44.189834
Script Execution Started @2026-08-16 17:00:20.178841
Transaction T001 already processed Skipping.
Transaction T002 already processed Skipping.
Transaction T003 already processed Skipping.
Transaction T001 already processed Skipping.
Transaction T004 already processed Skipping.
Script Execution Endeded @2026-08-16 17:00:20.179275
Script Execution Started @2026-08-16 17:01:43.578972
Transaction T001 already processed Skipping.
Transaction T002 already processed Skipping.
Transaction T003 already processed Skipping.
Transaction T001 already processed Skipping.
Transaction T004 already processed Skipping.
Script Execution Started @2026-08-16 17:01:57.779711
Transaction T001 already processed Skipping.
Transaction T002 already processed Skipping.
Transaction T003 already processed Skipping.
Transaction T001 already processed Skipping.
Transaction T004 already processed Skipping.
Script Execution Endeded @2026-08-16 17:01:57.780100
Script Execution Started @2026-08-16 17:03:42.438352
T001 | Quality score: 0.8 | Quality issues : ['Duplicate_record'] - T001 | rcon: matched | compliance : compliant | breach: 0.0
## Executive Summary: Operational Status and Key Issues

**Date:** October 26, 2023
**To:** Chief Risk Officer (CRO), Chief Financial Officer (CFO), Regulators
**From:** Banking and Financial AI Agent
**Subject:** Critical Operational Status Update Regarding Data Quality, Reconciliation, and Regulatory Compliance

This summary provides an immediate overview of critical operational findings, highlighting key issues requiring urgent attention.

---

### **Executive Summary**

The current operational assessment reveals a critical state of regulatory non-compliance, necessitating immediate intervention. While reconciliation processes show successful matching, significant data quality issues, specifically the presence of duplicate records, have been identified. These data integrity concerns likely contribute to or exacerbate the identified regulatory non-compliance and pose a material risk to accurate financial reporting and operational integrity.

### **Current Status Overview**

1.  **Data Quality:**
    *   **Finding:** Two instances of duplicate records have been identified within the data.
    *   **Implication:** This indicates a fundamental data integrity issue that can lead to inaccuracies in reporting, operational inefficiencies, and potential misrepresentation of financial positions.

2.  **Reconciliation:**
    *   **Finding:** Reconciliation activities were successful, with all items matched and no discrepancies reported.
    *   **Implication:** The reconciliation process itself completed without finding unmatched items; however, the presence of duplicate records (as identified by the Data Quality Agent) may still impact the underlying data's accuracy or completeness from a broader perspective.

3.  **Regulatory Compliance:**
    *   **Finding:** The current operational status is **non-compliant** with regulatory requirements.
    *   **Implication:** This is a critical issue that demands immediate and comprehensive remediation. Non-compliance carries significant financial, reputational, and operational risks.

### **Key Issues Identified**

*   **Critical Regulatory Non-Compliance:** The primary and most urgent issue is the failure to meet regulatory obligations. This requires immediate investigation and a defined action plan.
*   **Data Integrity Compromise:** The existence of duplicate records compromises the accuracy and reliability of core data, which is foundational for all financial operations, reporting, and regulatory adherence. This issue likely underpins or directly contributes to the regulatory non-compliance.

### **Recommended Immediate Actions**

1.  **Prioritize Regulatory Remediation:** Immediately investigate the root cause of the regulatory non-compliance and develop a comprehensive action plan to restore compliance.
2.  **Address Data Duplication:** Launch an urgent initiative to identify, analyze, and remediate all duplicate records. Implement robust controls and data governance processes to prevent future occurrences.
3.  **Impact Assessment:** Conduct a thorough assessment of how the duplicate records have impacted regulatory reporting, financial statements, and other critical downstream processes, particularly in the context of the identified non-compliance.
4.  **Reporting and Escalation:** Ensure all findings, remediation plans, and progress are formally reported and escalated to relevant stakeholders, including regulatory bodies where appropriate.
T002 | Quality score: 0.8 | Quality issues : ['Null_amount'] - T002 | rcon:  | compliance : compliant | breach: 0.0
**Executive Summary**

**Date:** October 26, 2023
**To:** Chief Risk Officer (CRO), Chief Financial Officer (CFO), Regulators
**From:** Financial AI Agent
**Subject:** Summary of Financial Data Quality, Reconciliation, and Regulatory Status

This summary provides an overview of recent financial data quality, reconciliation, and regulatory compliance assessments.

**Key Findings:**

1.  **Data Quality:** The data quality assessment identified critical issues with `Null_amount` entries in multiple instances. This indicates missing or unrecorded financial values within key datasets.
2.  **Reconciliation Status:** All assessed accounts and transactions have successfully reconciled with a zero variance, indicating no discrepancies between related financial records.
3.  **Regulatory Compliance:** The current operational posture is compliant with applicable regulatory requirements.

**Important Issues and Risks:**

The presence of `Null_amount` entries is a significant data integrity issue. This directly impacts the accuracy and completeness of financial reporting and analysis. Potential risks include:
*   Inaccurate financial statements and regulatory submissions if these null values pertain to material amounts.
*   Impaired decision-making due to incomplete data.
*   Operational inefficiencies and potential for errors in downstream processes.
*   Future regulatory scrutiny if these data quality issues lead to misreporting.

**Actions Required:**

Immediate investigation and remediation are required to address the `Null_amount` entries identified by the Data Quality Agent. This includes:
1.  **Root Cause Analysis:** Determine why these null values are occurring (e.g., system input errors, data migration issues, process gaps).
2.  **Data Remediation:** Implement a plan to accurately populate or correct all identified `Null_amount` instances.
3.  **Process Enhancement:** Implement controls or process changes to prevent recurrence of `Null_amount` entries.

While reconciliation is successful and regulatory status is currently compliant, the underlying data quality issue poses a fundamental risk that must be addressed promptly to maintain the integrity of financial operations and ensure sustained compliance.
T003 | Quality score: 0.6 | Quality issues : ['Reconciliation_break', 'Currency_mismatch'] - T003 | rcon:  | compliance : warning | breach: 2500000.0
**EXECUTIVE SUMMARY: CRITICAL DATA QUALITY AND REGULATORY COMPLIANCE UPDATE**

**Date:** October 26, 2023
**To:** Chief Risk Officer (CRO), Chief Financial Officer (CFO), Regulators
**From:** Financial AI Agent
**Subject:** Urgent Review Required: Identified Data Quality Deficiencies and Regulatory Warning

This summary outlines critical findings from our automated monitoring agents, highlighting significant data quality issues and a resulting regulatory warning that require immediate executive attention.

**Key Findings:**

1.  **Persistent Data Quality Issues:**
    *   The Data Quality Agent has repeatedly identified **Reconciliation Breaks** and **Currency Mismatches** within our datasets. These recurring issues indicate potential systemic deficiencies in data capture, processing, or integration, leading to unreliable financial data.

2.  **Regulatory Warning Issued:**
    *   A **regulatory warning** has been triggered by the Regulatory Agent. This alert signifies a potential breach of regulatory requirements or an elevated risk of non-compliance, directly linked to the identified data quality concerns.

3.  **Reconciliation Status:**
    *   While a reconciliation process was executed and reported a specific metric or outstanding difference as **0.0**, the underlying data quality issues (Reconciliation Breaks and Currency Mismatches) persist. This suggests that while certain reconciliation checks may appear clear, the integrity of the foundational data remains compromised, posing ongoing risks.

**Implications:**

The identified issues carry significant implications, including:
*   **Operational Risk:** Inaccurate data can lead to erroneous financial reporting, misinformed decision-making, and operational inefficiencies.
*   **Financial Risk:** Potential for misstatements in financial reports, impacting asset valuation, liability management, and overall financial health.
*   **Reputational Risk:** Non-compliance and data integrity failures can severely damage the institution's reputation among stakeholders and regulators.
*   **Regulatory Scrutiny and Penalties:** The active regulatory warning indicates heightened risk of regulatory investigations, potential fines, and other enforcement actions.

**Recommended Actions:**

We recommend the following immediate actions to address these critical findings:

1.  **Immediate Investigation:** Launch a comprehensive investigation into the root causes of the recurring Reconciliation Breaks and Currency Mismatches.
2.  **Remediation Plan:** Develop and execute an urgent remediation plan to correct all identified data quality deficiencies and prevent future occurrences.
3.  **Regulatory Response:** Formulate a proactive response to the regulatory warning, outlining the identified issues and the concrete steps being taken to resolve them and ensure compliance.
4.  **Enhanced Data Governance:** Review and strengthen data governance frameworks, including data validation, reconciliation processes, and quality controls, to ensure data integrity across all systems.

Prompt action is essential to mitigate financial, operational, and regulatory risks and maintain the institution's compliance posture.
Transaction T001 already processed Skipping.
T004 | Quality score: 0.8 | Quality issues : ['Sign_error'] - T004 | rcon:  | compliance : breach | breach: 10000.0
**EXECUTIVE SUMMARY: CRITICAL OPERATIONAL AND REGULATORY STATUS**

**To:** Chief Risk Officer (CRO), Chief Financial Officer (CFO), Regulators
**From:** Banking and Financial AI Agent
**Date:** October 26, 2023
**Subject:** Urgent Update on Data Integrity, Reconciliation, and Regulatory Compliance

This summary provides an immediate overview of critical findings from recent data quality, reconciliation, and regulatory compliance assessments, highlighting significant issues requiring prompt attention.

---

**KEY FINDINGS:**

1.  **Data Quality:**
    *   Multiple instances of **'Sign_error'** have been identified within critical data sets. These errors directly impact data integrity and the accuracy of financial reporting and risk calculations.

2.  **Reconciliation Status:**
    *   The reconciliation process was reported as successfully completed (`True`) with a stated value of `0.0`.
    *   **However, given the confirmed 'Sign_error' issues in the underlying data, the reliability and accuracy of these reconciliation results require immediate and thorough validation.** The reported `0.0` must be confirmed against validated data.

3.  **Regulatory Compliance:**
    *   A **confirmed regulatory breach** has been identified (`breach, True`). This indicates a non-compliance event that requires urgent remediation and potential notification to regulatory bodies.

---

**CRITICAL ISSUES IDENTIFIED:**

*   **Compromised Data Integrity:** The presence of 'Sign_error' directly undermines the reliability of financial and risk data, posing a significant operational risk.
*   **Confirmed Regulatory Non-Compliance:** A definitive regulatory breach has occurred, exposing the institution to potential penalties, reputational damage, and increased regulatory scrutiny.
*   **Unreliable Reconciliation Outcomes:** The identified data quality issues cast doubt on the accuracy of reconciliation results, indicating a potential for undetected discrepancies or misstatements.

---

**IMMEDIATE ACTIONS REQUIRED:**

1.  **Root Cause Analysis & Remediation for Data Quality:**
    *   Launch an urgent investigation into the root cause of the 'Sign_error' issues.
    *   Implement immediate corrective actions to rectify all identified sign errors and assess their full impact across all affected systems and reports.

2.  **Regulatory Breach Remediation:**
    *   Develop and execute an immediate remediation plan for the confirmed regulatory breach.
    *   Determine and undertake necessary reporting and communication with relevant regulatory authorities.

3.  **Validation of Reconciliation Processes:**
    *   Conduct an expedited re-validation and audit of recent reconciliation activities, specifically targeting data streams and reports potentially affected by the identified 'Sign_error' issues.

4.  **Control Enhancement:**
    *   Review and strengthen existing data quality controls, validation rules, and reconciliation protocols to prevent recurrence of such errors and breaches.

---

**CONCLUSION:**

The identified data integrity issues and the confirmed regulatory breach represent critical risks that demand immediate and decisive action. Swift and comprehensive remediation is essential to mitigate financial, operational, and reputational exposures, and to ensure ongoing compliance with regulatory requirements.
Script Execution Endeded @2026-08-16 17:04:54.192520
Script Execution Started @2026-08-16 17:06:56.322018
Transaction T001 already processed Skipping.
Transaction T002 already processed Skipping.
Transaction T003 already processed Skipping.
Transaction T001 already processed Skipping.
Transaction T004 already processed Skipping.
Script Execution Started @2026-08-16 17:39:35.288427
Transaction T001 already processed Skipping.
Transaction T002 already processed Skipping.
Transaction T003 already processed Skipping.
Transaction T001 already processed Skipping.
Transaction T004 already processed Skipping.
Script Execution Endeded @2026-08-16 17:39:35.288997
Script Execution Started @2026-08-16 17:42:14.666016
 File is empty or missing. Starting with an empty transaction list.
T001 | Quality score: 0.8 | Quality issues : ['Duplicate_record'] - T001 | rcon: matched | compliance : compliant | breach: 0.0
Script Execution Started @2026-08-16 17:44:17.626747
 File is empty or missing. Starting with an empty transaction list.
T001 | Quality score: 0.8 | Quality issues : ['Duplicate_record'] - T001 | rcon: matched | compliance : compliant | breach: 0.0
Script Execution Started @2026-08-16 17:44:54.961669
 File is empty or missing. Starting with an empty transaction list.
T001 | Quality score: 0.8 | Quality issues : ['Duplicate_record'] - T001 | rcon: matched | compliance : compliant | breach: 0.0
Script Execution Started @2026-08-16 17:45:11.661692
 File is empty or missing. Starting with an empty transaction list.
T001 | Quality score: 0.8 | Quality issues : ['Duplicate_record'] - T001 | rcon: matched | compliance : compliant | breach: 0.0
Script Execution Started @2026-08-16 17:47:58.891027
 File is empty or missing. Starting with an empty transaction list.
T001 | Quality score: 0.8 | Quality issues : ['Duplicate_record'] - T001 | rcon: matched | compliance : compliant | breach: 0.0
Script Execution Started @2026-08-16 17:48:19.638859
 File is empty or missing. Starting with an empty transaction list.
T001 | Quality score: 0.8 | Quality issues : ['Duplicate_record'] - T001 | rcon: matched | compliance : compliant | breach: 0.0
Script Execution Started @2026-08-16 17:48:34.559910
 File is empty or missing. Starting with an empty transaction list.
T001 | Quality score: 0.8 | Quality issues : ['Duplicate_record'] - T001 | rcon: matched | compliance : compliant | breach: 0.0
Script Execution Started @2026-08-16 17:49:00.102289
 File is empty or missing. Starting with an empty transaction list.
T001 | Quality score: 0.8 | Quality issues : ['Duplicate_record'] - T001 | rcon: matched | compliance : compliant | breach: 0.0
Script Execution Started @2026-08-16 17:53:01.897067
 File is empty or missing. Starting with an empty transaction list.
T001 | Quality score: 0.8 | Quality issues : ['Duplicate_record'] - T001 | rcon: matched | compliance : compliant | breach: 0.0
**Executive Summary: Financial Transaction Batch Analysis**

**Date:** [Current Date]
**To:** Chief Risk Officer (CRO), Chief Financial Officer (CFO), Regulators
**From:** AI Financial Agent
**Subject:** Summary of Automated Compliance Agent Outputs for Recent Transaction Batch

This summary presents the key findings from the automated analysis of a recent batch of four financial transactions, integrating insights from Data Quality, Reconciliation, and Regulatory compliance agents.

**Key Findings:**

1.  **Regulatory Non-Compliance:** A critical issue has been identified: the batch of transactions has been flagged as **non-compliant** with applicable regulatory requirements. This requires immediate attention and investigation.
2.  **Data Quality Issues:** The Data Quality Agent identified **two duplicate records** within the processed batch. The presence of duplicate data poses risks to data integrity, accurate reporting, and operational efficiency.
3.  **Reconciliation Status:** The Reconciliation Agent reported that the transactions processed were **successfully matched** with no discrepancies identified (0 discrepancies). This indicates that the reconciliation process itself did not flag numerical inconsistencies among the records it processed.

**Important Issues and Implications:**

The primary concern is the **regulatory non-compliance**. While the reconciliation process completed without numerical discrepancies, the presence of duplicate records is a significant data quality issue that could contribute to the identified non-compliance, lead to inaccurate regulatory reporting, or misrepresent the true volume and nature of transactions. The exact nature of the regulatory non-compliance, in conjunction with the duplicate records, necessitates a thorough investigation.

**Recommended Actions:**

1.  **Immediate Investigation into Regulatory Non-Compliance:** Promptly initiate an investigation to ascertain the specific reasons for the identified regulatory non-compliance. This must include an assessment of the impact of the duplicate records on compliance.
2.  **Address Data Duplication:** Implement corrective measures to eliminate the identified duplicate records from the system and prevent their recurrence. This should involve a review of data ingestion and processing workflows to identify and rectify the root cause of duplication.
3.  **Impact Assessment:** Evaluate the potential impact of these duplicate records on historical reporting, risk assessments, and other financial processes.
4.  **Process Review:** Conduct a comprehensive review of current controls and automated agent configurations to enhance data quality checks and regulatory compliance validations upstream in the transaction processing lifecycle.

**Conclusion:**

The findings highlight a critical need to address both regulatory non-compliance and underlying data quality issues related to duplicate records. Prompt and decisive action is required to mitigate risks, ensure regulatory adherence, and maintain data integrity.
T002 | Quality score: 0.8 | Quality issues : ['Null_amount'] - T002 | rcon:  | compliance : compliant | breach: 0.0
**EXECUTIVE SUMMARY: Financial Transaction Processing Review**

**To:** CRO / CFO / Regulators
**From:** Automated Compliance System
**Date:** [Current Date]
**Subject:** Review of Recent Financial Transaction Batch

This summary provides an overview of a recent batch of financial transactions processed by automated compliance agents, highlighting key findings from data quality, reconciliation, and regulatory compliance assessments.

**Key Findings:**

*   **Data Quality:** Two transactions within the processed batch were identified by the Data Quality Agent with a 'Null_amount' status. This indicates missing or invalid data in a critical financial field for these specific transactions.
*   **Reconciliation:** The reconciliation process for the batch indicated successful processing with zero financial variance.
*   **Regulatory Compliance:** All transactions within the batch were assessed as compliant by the Regulatory Agent, meeting all specified regulatory requirements.

**Important Issues & Risks:**

The primary concern identified in this batch is the presence of 'Null_amount' entries for two transactions. This data quality issue can pose several risks:
*   **Operational Risk:** Potential for processing errors, incomplete records, or misreporting.
*   **Financial Risk:** Inaccurate financial statements or calculations if not addressed.
*   **Reputational Risk:** Erosion of trust in data integrity.

**Action-Oriented Recommendations:**

1.  **Immediate Investigation:** Conduct a root cause analysis for the 'Null_amount' entries to determine whether the issue stems from data input, system integration, or processing logic.
2.  **Data Validation Enhancement:** Implement or strengthen preventative data validation controls at the point of data ingestion or input to ensure mandatory financial fields are populated before transaction processing.
3.  **Monitoring & Reporting:** Enhance monitoring for data quality exceptions, particularly 'Null_amount' occurrences, and ensure prompt alerting and resolution protocols are in place.

**Conclusion:**

While the transactions were ultimately reconciled with zero variance and deemed regulatory compliant, the data quality issue concerning 'Null_amount' entries requires immediate attention. Proactive measures are recommended to uphold data integrity and mitigate potential operational and financial risks in future processing.
T003 | Quality score: 0.6 | Quality issues : ['Reconciliation_break', 'Currency_mismatch'] - T003 | rcon:  | compliance : warning | breach: 2500000.0
**EXECUTIVE SUMMARY – FINANCIAL TRANSACTION BATCH REVIEW**

**Date:** October 26, 2023
**To:** CRO/CFO/Regulators
**From:** Financial AI Agent
**Subject:** Review of Recent Financial Transaction Batch Processing

---

**1. Overview**
This summary provides an executive overview of a recently processed batch of four financial transactions, synthesizing outputs from the Data Quality, Reconciliation, and Regulatory agents.

**2. Key Findings**

*   **Data Quality Issues:**
    *   Two out of the four transactions in the batch were identified with significant data quality issues.
    *   Both flagged transactions exhibit a "Reconciliation Break" and a "Currency Mismatch." These issues indicate fundamental discrepancies that require immediate attention.

*   **Reconciliation Status:**
    *   The reconciliation agent reported its status as `True` with a value of `0.0`.
    *   However, this output appears contradictory to the explicit "Reconciliation Break" issues identified by the Data Quality Agent for two transactions. This discrepancy requires further investigation to determine if the reconciliation agent's output reflects the specific transaction issues or an overall batch status, and how the "Reconciliation Break" is being handled.

*   **Regulatory Compliance:**
    *   A regulatory `warning` was issued for this batch. This indicates potential non-compliance or an identified area of concern that requires further review and possible remediation to ensure adherence to regulatory standards.

**3. Potential Impact**
The identified issues pose several risks:
*   **Operational Risk:** Reconciliation breaks and currency mismatches can lead to manual intervention, processing delays, and increased operational costs.
*   **Financial Reporting Risk:** Inaccurate data can result in misstatements in financial reports, impacting decision-making and stakeholder confidence.
*   **Compliance Risk:** The regulatory warning, coupled with data quality issues, indicates a heightened risk of non-compliance, potential fines, and reputational damage.

**4. Actions Required**

*   **Immediate Investigation of Data Quality:** Promptly investigate the two transactions flagged for "Reconciliation Break" and "Currency Mismatch." Root cause analysis is required to prevent recurrence.
*   **Clarification of Reconciliation Discrepancy:** Reconcile the data quality agent's "Reconciliation Break" findings with the reconciliation agent's `True, 0.0` output. This may involve reviewing the scope and reporting mechanisms of both agents.
*   **Address Regulatory Warning:** Review the specific details of the regulatory `warning` and implement necessary corrective actions to ensure full compliance.

**5. Missing Information**
The `rule_reference` was not provided for this batch, which could assist in understanding the context of the regulatory warning and data quality checks.

---
Transaction T001 already processed Skipping.
T004 | Quality score: 0.8 | Quality issues : ['Sign_error'] - T004 | rcon:  | compliance : breach | breach: 10000.0
**Executive Summary - Financial Transaction Compliance Review**

**Date:** October 26, 2023
**To:** Chief Risk Officer (CRO), Chief Financial Officer (CFO), Regulators
**From:** Automated Compliance Review Unit
**Subject:** Critical Findings from Automated Compliance Processing – Recent Financial Transaction Batch

**Overview:**
This summary outlines critical findings from the automated compliance processing of a recent batch of four financial transactions. Analysis by our automated agents has identified significant data quality issues, leading directly to a confirmed regulatory breach. Furthermore, the reconciliation process, as reported, did not detect these underlying data quality discrepancies, indicating a potential control gap.

**Key Findings:**

1.  **Data Quality Deficiencies:**
    *   Two of the four processed financial transactions were found to contain a "Sign_error." This error type indicates an incorrect positive or negative value, which can materially impact financial accuracy and reporting.

2.  **Regulatory Breach Confirmed:**
    *   The identified "Sign_error" directly resulted in a confirmed regulatory breach. This is a serious concern, as such errors can lead to misrepresentation of financial positions or non-compliance with reporting standards.

3.  **Reconciliation Process Observation:**
    *   Despite the presence of "Sign_error" in transactions and the subsequent regulatory breach, the reconciliation agent reported no variance (0.0) for the reconciled items. This indicates that the reconciliation process, in its current configuration or reporting, did not identify the underlying "Sign_error" as a discrepancy requiring flagging. This highlights a potential weakness in the reconciliation control environment, where underlying data integrity issues may not be detected even if the system successfully reconciles erroneous outputs.

**Implications:**

The convergence of data quality failures, a confirmed regulatory breach, and the reconciliation process's inability to flag these specific underlying issues points to significant control weaknesses. This situation carries immediate risks, including:
*   Inaccurate financial reporting and potential misstatement of financial positions.
*   Increased exposure to regulatory penalties, fines, and reputational damage.
*   A systemic risk where fundamental data errors can propagate through automated processes without detection by existing reconciliation mechanisms.

**Recommended Actions:**

Immediate and targeted actions are imperative to address these findings and mitigate future risks:

1.  **Root Cause Analysis for "Sign_error":** Promptly investigate the origin of the "Sign_error" to identify whether it stems from data input, system configuration, or processing logic.
2.  **Regulatory Breach Remediation:** Develop and execute an urgent plan to address the confirmed regulatory breach, including rectifying affected transactions/reports and initiating communication with relevant regulatory bodies if required.
3.  **Enhance Data Quality Controls:** Implement strengthened validation rules and controls at the earliest possible stage (e.g., data ingestion, transaction initiation) to prevent "Sign_error" and similar data integrity issues from entering the processing pipeline.
4.  **Re-evaluate Reconciliation Strategy:** Conduct a comprehensive review of the reconciliation agent's logic, scope, and error detection capabilities to ensure it effectively identifies and flags data quality discrepancies, rather than merely confirming reconciliation of potentially erroneous outputs.
5.  **Impact Assessment:** Perform an assessment to determine if similar "Sign_errors" or other data quality issues exist in other transaction batches or historical data.

This situation demands urgent attention to reinforce control effectiveness, ensure data integrity, and maintain full compliance with regulatory obligations.
Script Execution Endeded @2026-08-16 17:53:49.205473
Script Execution Started @2026-08-16 18:00:05.347111
Transaction T001 already processed Skipping.
Transaction T002 already processed Skipping.
Transaction T003 already processed Skipping.
Transaction T001 already processed Skipping.
Transaction T004 already processed Skipping.
No new transactions processed.
Script Execution Endeded @2026-08-16 18:00:05.347595
Script Execution Started @2026-08-16 18:00:18.899566
 File is empty or missing. Starting with an empty transaction list.
T001 | Quality score: 0.8 | Quality issues : ['Duplicate_record'] - T001 | rcon: matched | compliance : compliant | breach: 0.0
T002 | Quality score: 0.8 | Quality issues : ['Null_amount'] - T002 | rcon:  | compliance : compliant | breach: 0.0
T003 | Quality score: 0.6 | Quality issues : ['Reconciliation_break', 'Currency_mismatch'] - T003 | rcon:  | compliance : warning | breach: 2500000.0
Transaction T001 already processed Skipping.
T004 | Quality score: 0.8 | Quality issues : ['Sign_error'] - T004 | rcon:  | compliance : breach | breach: 10000.0
Script Execution Started @2026-08-16 18:03:34.226987
Transaction T001 already processed Skipping.
Transaction T002 already processed Skipping.
Transaction T003 already processed Skipping.
Transaction T001 already processed Skipping.
Transaction T004 already processed Skipping.
No new transactions processed.
Script Execution Endeded @2026-08-16 18:03:34.227852
Script Execution Started @2026-08-16 18:03:47.027923
 File is empty or missing. Starting with an empty transaction list.
T001 | Quality score: 0.8 | Quality issues : ['Duplicate_record'] - T001 | rcon: matched | compliance : compliant | breach: 0.0
T002 | Quality score: 0.8 | Quality issues : ['Null_amount'] - T002 | rcon:  | compliance : compliant | breach: 0.0
T003 | Quality score: 0.6 | Quality issues : ['Reconciliation_break', 'Currency_mismatch'] - T003 | rcon:  | compliance : warning | breach: 2500000.0
Transaction T001 already processed Skipping.
T004 | Quality score: 0.8 | Quality issues : ['Sign_error'] - T004 | rcon:  | compliance : breach | breach: 10000.0
Script Execution Started @2026-08-16 18:04:21.944294
 File is empty or missing. Starting with an empty transaction list.
T001 | Quality score: 0.8 | Quality issues : ['Duplicate_record'] - T001 | rcon: matched | compliance : compliant | breach: 0.0
T002 | Quality score: 0.8 | Quality issues : ['Null_amount'] - T002 | rcon:  | compliance : compliant | breach: 0.0
T003 | Quality score: 0.6 | Quality issues : ['Reconciliation_break', 'Currency_mismatch'] - T003 | rcon:  | compliance : warning | breach: 2500000.0
Transaction T001 already processed Skipping.
T004 | Quality score: 0.8 | Quality issues : ['Sign_error'] - T004 | rcon:  | compliance : breach | breach: 10000.0

============================================================
EXECUTIVE COMPLIANCE REPORT
============================================================
**Executive Summary: Financial Transaction Batch Review**

**Date:** [Current Date]

**To:** Chief Risk Officer (CRO), Chief Financial Officer (CFO), Regulators

This report provides an executive summary of the analysis performed on a recent batch of four financial transactions processed by automated compliance agents, highlighting critical findings related to data quality, reconciliation, and regulatory compliance.

---

**Key Findings:**

1.  **Total Transactions Reviewed:** Four (4) financial transactions were processed and reviewed in this batch.

2.  **Data Quality Overview:**
    *   A total of five distinct data quality issues were identified across the batch: one duplicate record (T001), one null amount (T002), one currency mismatch (T003), one sign error (T004), and one explicit reconciliation break (T003).
    *   These issues indicate deficiencies in data capture and validation processes.

3.  **Reconciliation Status:**
    *   One transaction (T001) successfully achieved a full reconciliation match.
    *   The remaining three transactions (T002, T003, T004) did not achieve a full reconciliation match. Transaction T003 was specifically flagged with an explicit "Reconciliation_break" and "Currency_mismatch".

4.  **Regulatory Compliance & Breaches:**
    *   Two transactions (T001, T002) were deemed compliant.
    *   One transaction (T003) received a **"warning"** status due to a reconciliation break and currency mismatch, associated with a significant potential breach amount of **$2,500,000**.
    *   One transaction (T004) was classified as a **"breach"** due to a sign error, with a confirmed breach amount of **$10,000**.

---

**Important Issues Requiring Immediate Attention:**

*   **Significant Regulatory Warning (T003):** A high-value transaction of $2,500,000 is under "warning" status due to a reconciliation break and currency mismatch. This poses a material risk and requires immediate investigation to determine the exact financial exposure and ensure regulatory adherence.
*   **Confirmed Regulatory Breach (T004):** A $10,000 breach has occurred due to a sign error, necessitating prompt corrective action and compliance reporting.
*   **Systemic Data Quality Concerns:** The recurring presence of duplicate records, null amounts, and sign/currency errors across the batch points to potential weaknesses in upstream data input, validation, and processing controls.

---

**Recommended Immediate Actions:**

1.  **Investigate and Remediate Transaction T003:**
    *   Immediately initiate a deep dive into the $2,500,000 transaction (T003) to understand the root cause of the reconciliation break and currency mismatch.
    *   Execute all necessary financial adjustments and ensure accurate reporting to mitigate potential financial loss and regulatory penalties.

2.  **Resolve Transaction T004 Breach:**
    *   Correct the sign error for the $10,000 transaction (T004).
    *   Follow established protocols for reporting and resolving confirmed regulatory breaches.

3.  **Enhance Data Quality Controls:**
    *   Implement targeted improvements in data validation rules at the point of entry to prevent future occurrences of duplicate records (T001), null amounts (T002), sign errors (T004), and currency mismatches (T003).
    *   Review and optimize data ingestion processes to improve accuracy and completeness.

4.  **Strengthen Reconciliation Processes:**
    *   Review existing reconciliation protocols to identify gaps that led to unmatched transactions (T002, T003, T004) and the explicit reconciliation break (T003).
    *   Deploy enhanced automated reconciliation tools or processes to improve match rates and accelerate the identification and resolution of discrepancies.

---

This summary provides a high-level overview. Detailed findings and further analysis for each flagged transaction are available upon request.
Script Execution Endeded @2026-08-16 18:04:36.703222
